  Determining projects to restore...
  All projects are up-to-date for restore.
  ForgeMission.Terminal.Extensions -> /Users/ameerdeen/progs/forge-mcl/src/ForgeMission.Terminal.Extensions/bin/Debug/net10.0/ForgeMission.Terminal.Extensions.dll
  ForgeMission.Scout -> /Users/ameerdeen/progs/forge-mcl/src/ForgeMission.Scout/bin/Debug/net10.0/ForgeMission.Scout.dll
  ForgeMission.MissionRegistry -> /Users/ameerdeen/progs/forge-mcl/src/ForgeMission.MissionRegistry/bin/Debug/net10.0/ForgeMission.MissionRegistry.dll
  ForgeMission.Docker -> /Users/ameerdeen/progs/forge-mcl/src/ForgeMission.Docker/bin/Debug/net10.0/ForgeMission.Docker.dll
  ForgeMission.Parser -> /Users/ameerdeen/progs/forge-mcl/src/ForgeMission.Parser/bin/Debug/net10.0/ForgeMission.Parser.dll
  ForgeMission.Serve -> /Users/ameerdeen/progs/forge-mcl/src/ForgeMission.Serve/bin/Debug/net10.0/ForgeMission.Serve.dll
  ForgeMission.Core -> /Users/ameerdeen/progs/forge-mcl/src/ForgeMission.Core/bin/Debug/net10.0/ForgeMission.Core.dll
  ForgeMission.ChatClients -> /Users/ameerdeen/progs/forge-mcl/src/ForgeMission.ChatClients/bin/Debug/net10.0/ForgeMission.ChatClients.dll
  ForgeMission.Cli -> /Users/ameerdeen/progs/forge-mcl/src/ForgeMission.Cli/bin/Debug/net10.0/forge.dll
  ForgeMission.Mcl.Tests -> /Users/ameerdeen/progs/forge-mcl/tests/ForgeMission.Mcl.Tests/bin/Debug/net10.0/ForgeMission.Mcl.Tests.dll
Test run for /Users/ameerdeen/progs/forge-mcl/tests/ForgeMission.Mcl.Tests/bin/Debug/net10.0/ForgeMission.Mcl.Tests.dll (.NETCoreApp,Version=v10.0)
A total of 1 test files matched the specified pattern.
/Users/ameerdeen/progs/forge-mcl/tests/ForgeMission.Mcl.Tests/bin/Debug/net10.0/ForgeMission.Mcl.Tests.dll
[xUnit.net 00:00:00.00] xUnit.net VSTest Adapter v3.1.4+50e68bbb8b (64-bit .NET 10.0.12)
[xUnit.net 00:00:00.09]   Discovering: ForgeMission.Mcl.Tests
[xUnit.net 00:00:00.16]   Discovered:  ForgeMission.Mcl.Tests
[xUnit.net 00:00:00.17]   Starting:    ForgeMission.Mcl.Tests
Native button Light phase=2 focused=False hovered=True pressed=False enabled=True tooltip=Copy code: [#cde0ee on #0f1d27]                                                                                     [/][bold #101d34 on #f7f8fe]  [/][bold #101d34 on #f7f8fe]⧉ Copy code[/][bold #101d34 on #f7f8fe]  [/]
Native button Light phase=3 focused=True hovered=True pressed=False enabled=True tooltip=Copy code: [#cde0ee on #0f1d27]                                                                                     [/][bold underline #101d34 on #f7f8fe]  [/][bold underline #101d34 on #f7f8fe]⧉ Copy code[/][bold underline #101d34 on #f7f8fe]  [/]
Native button Light phase=4 focused=True hovered=True pressed=True enabled=True tooltip=Copy code: [#cde0ee on #0f1d27]                                                                                     [/][bold underline #101d34 on #dbe7fb]  [/][bold underline #101d34 on #dbe7fb]⧉ Copy code[/][bold underline #101d34 on #dbe7fb]  [/]
Native button Light phase=5 focused=True hovered=True pressed=False enabled=True tooltip=Copied: [#cde0ee on #0f1d27]                                                                                     [/][bold underline #4e7c0f on #f7f8fe]   [/][bold underline #4e7c0f on #f7f8fe]✓ Copied[/][bold underline #4e7c0f on #f7f8fe]    [/]
Native button Light phase=6 focused=False hovered=True pressed=False enabled=False tooltip=Copied: [#cde0ee on #0f1d27]                                                                                     [/][bold #63748c on #f7f8fe]   [/][bold #63748c on #f7f8fe]✓ Copied[/][bold #63748c on #f7f8fe]    [/]
Native button Light phase=7 focused=True hovered=True pressed=False enabled=True tooltip=Copy failed: [#cde0ee on #0f1d27]                                                                                     [/][bold underline #b91c1c on #f7f8fe] [/][bold underline #b91c1c on #f7f8fe]! Copy failed[/][bold underline #b91c1c on #f7f8fe] [/]
Native button Light phase=8 focused=True hovered=True pressed=False enabled=True tooltip=Copy failed: [#cde0ee on #0f1d27]                                                                                     [/][bold underline #b91c1c on #f7f8fe] [/][bold underline #b91c1c on #f7f8fe]! Copy failed[/][bold underline #b91c1c on #f7f8fe] [/]
Native button Dark phase=2 focused=False hovered=True pressed=False enabled=True tooltip=Copy code: [#cde0ee on #0f1d27]                                                                                     [/][bold #e8eef7 on #0f1622]  [/][bold #e8eef7 on #0f1622]⧉ Copy code[/][bold #e8eef7 on #0f1622]  [/]
Native button Dark phase=3 focused=True hovered=True pressed=False enabled=True tooltip=Copy code: [#cde0ee on #0f1d27]                                                                                     [/][bold underline #e8eef7 on #0f1622]  [/][bold underline #e8eef7 on #0f1622]⧉ Copy code[/][bold underline #e8eef7 on #0f1622]  [/]
Native button Dark phase=4 focused=True hovered=True pressed=True enabled=True tooltip=Copy code: [#cde0ee on #0f1d27]                                                                                     [/][bold underline #e8eef7 on #16345a]  [/][bold underline #e8eef7 on #16345a]⧉ Copy code[/][bold underline #e8eef7 on #16345a]  [/]
Native button Dark phase=5 focused=True hovered=True pressed=False enabled=True tooltip=Copied: [#cde0ee on #0f1d27]                                                                                     [/][bold underline #8cc152 on #0f1622]   [/][bold underline #8cc152 on #0f1622]✓ Copied[/][bold underline #8cc152 on #0f1622]    [/]
Native button Dark phase=6 focused=False hovered=True pressed=False enabled=False tooltip=Copied: [#cde0ee on #0f1d27]                                                                                     [/][bold #6b7a91 on #0f1622]   [/][bold #6b7a91 on #0f1622]✓ Copied[/][bold #6b7a91 on #0f1622]    [/]
Native button Dark phase=7 focused=True hovered=True pressed=False enabled=True tooltip=Copy failed: [#cde0ee on #0f1d27]                                                                                     [/][bold underline #f07178 on #0f1622] [/][bold underline #f07178 on #0f1622]! Copy failed[/][bold underline #f07178 on #0f1622] [/]
Native button Dark phase=8 focused=True hovered=True pressed=False enabled=True tooltip=Copy failed: [#cde0ee on #0f1d27]                                                                                     [/][bold underline #f07178 on #0f1622] [/][bold underline #f07178 on #0f1622]! Copy failed[/][bold underline #f07178 on #0f1622] [/]
[xUnit.net 00:00:01.33]   Finished:    ForgeMission.Mcl.Tests
  Passed ForgeMission.Tests.Cli.CodeCopyControlTests.Actual_native_button_paints_combined_hover_focus_press_and_result_states(theme: "Light") [613 ms]
  Passed ForgeMission.Tests.Cli.CodeCopyControlTests.Actual_native_button_paints_combined_hover_focus_press_and_result_states(theme: "Dark") [517 ms]

Test Run Successful.
Total tests: 2
     Passed: 2
 Total time: 1.6774 Seconds
