  Determining projects to restore...
  Restored /Users/ameerdeen/progs/forge-mcl/src/ForgeMission.Core/ForgeMission.Core.csproj (in 152 ms).
  Restored /Users/ameerdeen/progs/forge-mcl/src/ForgeMission.Terminal.Extensions/ForgeMission.Terminal.Extensions.csproj (in 152 ms).
  Restored /Users/ameerdeen/progs/forge-mcl/src/ForgeMission.MissionRegistry/ForgeMission.MissionRegistry.csproj (in 152 ms).
  Restored /Users/ameerdeen/progs/forge-mcl/src/ForgeMission.Scout/ForgeMission.Scout.csproj (in 152 ms).
  Restored /Users/ameerdeen/progs/forge-mcl/src/ForgeMission.Parser/ForgeMission.Parser.csproj (in 152 ms).
  Restored /Users/ameerdeen/progs/forge-mcl/src/ForgeMission.Docker/ForgeMission.Docker.csproj (in 152 ms).
  Restored /Users/ameerdeen/progs/forge-mcl/src/ForgeMission.Serve/ForgeMission.Serve.csproj (in 152 ms).
  Restored /Users/ameerdeen/progs/forge-mcl/src/ForgeMission.ChatClients/ForgeMission.ChatClients.csproj (in 153 ms).
  Restored /Users/ameerdeen/progs/forge-mcl/src/ForgeMission.Cli/ForgeMission.Cli.csproj (in 157 ms).
  ForgeMission.Docker -> /Users/ameerdeen/progs/forge-mcl/src/ForgeMission.Docker/bin/Release/net10.0/ForgeMission.Docker.dll
  ForgeMission.Scout -> /Users/ameerdeen/progs/forge-mcl/src/ForgeMission.Scout/bin/Release/net10.0/ForgeMission.Scout.dll
  ForgeMission.MissionRegistry -> /Users/ameerdeen/progs/forge-mcl/src/ForgeMission.MissionRegistry/bin/Release/net10.0/ForgeMission.MissionRegistry.dll
  ForgeMission.Parser -> /Users/ameerdeen/progs/forge-mcl/src/ForgeMission.Parser/bin/Release/net10.0/ForgeMission.Parser.dll
  ForgeMission.Serve -> /Users/ameerdeen/progs/forge-mcl/src/ForgeMission.Serve/bin/Release/net10.0/ForgeMission.Serve.dll
  ForgeMission.Core -> /Users/ameerdeen/progs/forge-mcl/src/ForgeMission.Core/bin/Release/net10.0/ForgeMission.Core.dll
  ForgeMission.ChatClients -> /Users/ameerdeen/progs/forge-mcl/src/ForgeMission.ChatClients/bin/Release/net10.0/ForgeMission.ChatClients.dll
  ForgeMission.Terminal.Extensions -> /Users/ameerdeen/progs/forge-mcl/src/ForgeMission.Terminal.Extensions/bin/Release/net10.0/ForgeMission.Terminal.Extensions.dll
  ForgeMission.Cli -> /Users/ameerdeen/progs/forge-mcl/src/ForgeMission.Cli/bin/Release/net10.0/osx-arm64/forge.dll
  Generating native code
  ld: warning: -ld_classic is no longer supported and will be ignored
  ld: warning: building for macOS-12.0, but linking with dylib '/opt/homebrew/opt/openssl@3/lib/libssl.3.dylib' which was built for newer version 27.0
  ld: warning: building for macOS-12.0, but linking with dylib '/opt/homebrew/opt/openssl@3/lib/libcrypto.3.dylib' which was built for newer version 27.0
  ld: warning: building for macOS-12.0, but linking with dylib '/opt/homebrew/opt/brotli/lib/libbrotlienc.1.dylib' which was built for newer version 26.0
  ld: warning: building for macOS-12.0, but linking with dylib '/opt/homebrew/opt/brotli/lib/libbrotlidec.1.dylib' which was built for newer version 26.0
  ld: warning: building for macOS-12.0, but linking with dylib '/opt/homebrew/opt/brotli/lib/libbrotlicommon.1.dylib' which was built for newer version 26.0
  ForgeMission.Cli -> /Users/ameerdeen/progs/forge-mcl/artifacts/phase70-foundation/r12/native/
