  Determining projects to restore...
  All projects are up-to-date for restore.
  ForgeMission.MissionRegistry -> /Users/ameerdeen/progs/forge-mcl/src/ForgeMission.MissionRegistry/bin/Debug/net10.0/ForgeMission.MissionRegistry.dll
  ForgeMission.Parser -> /Users/ameerdeen/progs/forge-mcl/src/ForgeMission.Parser/bin/Debug/net10.0/ForgeMission.Parser.dll
  ForgeMission.Terminal.Extensions -> /Users/ameerdeen/progs/forge-mcl/src/ForgeMission.Terminal.Extensions/bin/Debug/net10.0/ForgeMission.Terminal.Extensions.dll
  ForgeMission.Scout -> /Users/ameerdeen/progs/forge-mcl/src/ForgeMission.Scout/bin/Debug/net10.0/ForgeMission.Scout.dll
  ForgeMission.Docker -> /Users/ameerdeen/progs/forge-mcl/src/ForgeMission.Docker/bin/Debug/net10.0/ForgeMission.Docker.dll
  ForgeMission.Serve -> /Users/ameerdeen/progs/forge-mcl/src/ForgeMission.Serve/bin/Debug/net10.0/ForgeMission.Serve.dll
  ForgeMission.Core -> /Users/ameerdeen/progs/forge-mcl/src/ForgeMission.Core/bin/Debug/net10.0/ForgeMission.Core.dll
  ForgeMission.ChatClients -> /Users/ameerdeen/progs/forge-mcl/src/ForgeMission.ChatClients/bin/Debug/net10.0/ForgeMission.ChatClients.dll
  ForgeMission.Cli -> /Users/ameerdeen/progs/forge-mcl/src/ForgeMission.Cli/bin/Debug/net10.0/forge.dll
  ForgeMission.Mcl.Tests -> /Users/ameerdeen/progs/forge-mcl/tests/ForgeMission.Mcl.Tests/bin/Debug/net10.0/ForgeMission.Mcl.Tests.dll
Test run for /Users/ameerdeen/progs/forge-mcl/tests/ForgeMission.Mcl.Tests/bin/Debug/net10.0/ForgeMission.Mcl.Tests.dll (.NETCoreApp,Version=v10.0)
A total of 1 test files matched the specified pattern.
/Users/ameerdeen/progs/forge-mcl/tests/ForgeMission.Mcl.Tests/bin/Debug/net10.0/ForgeMission.Mcl.Tests.dll
[xUnit.net 00:00:00.00] xUnit.net VSTest Adapter v3.1.4+50e68bbb8b (64-bit .NET 10.0.12)
[xUnit.net 00:00:00.05]   Discovering: ForgeMission.Mcl.Tests
[xUnit.net 00:00:00.12]   Discovered:  ForgeMission.Mcl.Tests
[xUnit.net 00:00:00.14]   Starting:    ForgeMission.Mcl.Tests
  Passed ForgeMission.Tests.Cli.TextInteractionTests.Actual_ChatTui_Copy_command_never_stops_selected_text_and_edit_is_isolated(source: "file", failed: True) [557 ms]
  Passed ForgeMission.Tests.Cli.TextInteractionTests.Actual_ChatTui_Copy_command_never_stops_selected_text_and_edit_is_isolated(source: "file", failed: False) [362 ms]
  Passed ForgeMission.Tests.Cli.TextInteractionTests.Actual_ChatTui_Copy_command_never_stops_selected_text_and_edit_is_isolated(source: "composer", failed: False) [383 ms]
  Passed ForgeMission.Tests.Cli.TextInteractionTests.Actual_ChatTui_Copy_command_never_stops_selected_text_and_edit_is_isolated(source: "paragraph", failed: False) [398 ms]
  Passed ForgeMission.Tests.Cli.TextInteractionTests.Actual_ChatTui_Copy_command_never_stops_selected_text_and_edit_is_isolated(source: "composer", failed: True) [360 ms]
  Passed ForgeMission.Tests.Cli.TextInteractionTests.Actual_ChatTui_Copy_command_never_stops_selected_text_and_edit_is_isolated(source: "paragraph", failed: True) [380 ms]
  Passed ForgeMission.Tests.Cli.CodeCopyControlTests.Native_press_lifetime_cancels_old_release_and_reports_exact_payload(mutation: "hide", failed: False) [522 ms]
  Passed ForgeMission.Tests.Cli.CodeCopyControlTests.Native_press_lifetime_cancels_old_release_and_reports_exact_payload(mutation: "hide", failed: True) [518 ms]
  Passed ForgeMission.Tests.Cli.CodeCopyControlTests.Native_press_lifetime_cancels_old_release_and_reports_exact_payload(mutation: "detach", failed: False) [503 ms]
  Passed ForgeMission.Tests.Cli.CodeCopyControlTests.Native_press_lifetime_cancels_old_release_and_reports_exact_payload(mutation: "detach", failed: True) [503 ms]
  Passed ForgeMission.Tests.Cli.CodeCopyControlTests.Actual_native_header_widths_and_state_styles_match_semantic_reference(theme: "Light") [17 ms]
  Passed ForgeMission.Tests.Cli.CodeCopyControlTests.Actual_native_header_widths_and_state_styles_match_semantic_reference(theme: "Dark") [< 1 ms]
  Passed ForgeMission.Tests.Cli.CodeCopyControlTests.Actual_host_retires_before_pending_release_and_replacement_accepts_fresh_input(change: "unchanged") [479 ms]
  Passed ForgeMission.Tests.Cli.CodeCopyControlTests.Actual_host_retires_before_pending_release_and_replacement_accepts_fresh_input(change: "content") [454 ms]
Native header Dark available=0 bounds=(0,0) 0x0 visible=False tab=False: [#cde0ee on #0f1d27]                                                                                                    [/]
Native header Dark available=1 bounds=(0,0) 1x1 visible=True tab=True: [bold underline #e8eef7 on #0f1622]⧉[/][#cde0ee on #0f1d27]                                                                                                   [/]
Native header Dark available=2 bounds=(0,0) 2x1 visible=True tab=True: [bold underline #e8eef7 on #0f1622]⧉[/][bold underline #e8eef7 on #0f1622] [/][#cde0ee on #0f1d27]                                                                                                  [/]
Native header Dark available=3 bounds=(0,0) 3x1 visible=True tab=True: [bold underline #e8eef7 on #0f1622] [/][bold underline #e8eef7 on #0f1622]⧉[/][bold underline #e8eef7 on #0f1622] [/][#cde0ee on #0f1d27]                                                                                                 [/]
Native header Dark available=4 bounds=(0,0) 4x1 visible=True tab=True: [bold underline #e8eef7 on #0f1622] [/][bold underline #e8eef7 on #0f1622]⧉[/][bold underline #e8eef7 on #0f1622]  [/][#cde0ee on #0f1d27]                                                                                                [/]
Native header Dark available=12 bounds=(0,0) 12x1 visible=True tab=True: [bold underline #e8eef7 on #0f1622]     [/][bold underline #e8eef7 on #0f1622]⧉[/][bold underline #e8eef7 on #0f1622]      [/][#cde0ee on #0f1d27]                                                                                        [/]
Native header Dark available=14 bounds=(0,0) 14x1 visible=True tab=True: [bold underline #e8eef7 on #0f1622]      [/][bold underline #e8eef7 on #0f1622]⧉[/][bold underline #e8eef7 on #0f1622]       [/][#cde0ee on #0f1d27]                                                                                      [/]
Native header Dark available=15 bounds=(0,0) 15x1 visible=True tab=True: [bold underline #e8eef7 on #0f1622]  [/][bold underline #e8eef7 on #0f1622]⧉ Copy code[/][bold underline #e8eef7 on #0f1622]  [/][#cde0ee on #0f1d27]                                                                                     [/]
Native header Dark available=16 bounds=(1,0) 15x1 visible=True tab=True: [#cde0ee on #0f1d27] [/][bold underline #e8eef7 on #0f1622]  [/][bold underline #e8eef7 on #0f1622]⧉ Copy code[/][bold underline #e8eef7 on #0f1622]  [/][#cde0ee on #0f1d27]                                                                                    [/]
Native header Dark available=60 bounds=(45,0) 15x1 visible=True tab=True: [#cde0ee on #0f1d27]                                             [/][bold underline #e8eef7 on #0f1622]  [/][bold underline #e8eef7 on #0f1622]⧉ Copy code[/][bold underline #e8eef7 on #0f1622]  [/][#cde0ee on #0f1d27]                                        [/]
Native header Dark available=100 bounds=(85,0) 15x1 visible=True tab=True: [#cde0ee on #0f1d27]                                                                                     [/][bold underline #e8eef7 on #0f1622]  [/][bold underline #e8eef7 on #0f1622]⧉ Copy code[/][bold underline #e8eef7 on #0f1622]  [/]
Native header Dark available=2 bounds=(0,0) 2x1 visible=True tab=True: [bold underline #e8eef7 on #0f1622]⧉[/][bold underline #e8eef7 on #0f1622] [/][#cde0ee on #0f1d27]                                                                                                  [/]
Native header Dark available=0 bounds=(0,0) 0x0 visible=False tab=False: [#cde0ee on #0f1d27]                                                                                                    [/]
Native header Dark available=15 bounds=(0,0) 15x1 visible=True tab=True: [bold underline #e8eef7 on #0f1622]  [/][bold underline #e8eef7 on #0f1622]⧉ Copy code[/][bold underline #e8eef7 on #0f1622]  [/][#cde0ee on #0f1d27]                                                                                     [/]
Native header Light available=0 bounds=(0,0) 0x0 visible=False tab=False: [#cde0ee on #0f1d27]                                                                                                    [/]
Native header Light available=1 bounds=(0,0) 1x1 visible=True tab=True: [bold underline #101d34 on #f7f8fe]⧉[/][#cde0ee on #0f1d27]                                                                                                   [/]
Native header Light available=2 bounds=(0,0) 2x1 visible=True tab=True: [bold underline #101d34 on #f7f8fe]⧉[/][bold underline #101d34 on #f7f8fe] [/][#cde0ee on #0f1d27]                                                                                                  [/]
Native header Light available=3 bounds=(0,0) 3x1 visible=True tab=True: [bold underline #101d34 on #f7f8fe] [/][bold underline #101d34 on #f7f8fe]⧉[/][bold underline #101d34 on #f7f8fe] [/][#cde0ee on #0f1d27]                                                                                                 [/]
Native header Light available=4 bounds=(0,0) 4x1 visible=True tab=True: [bold underline #101d34 on #f7f8fe] [/][bold underline #101d34 on #f7f8fe]⧉[/][bold underline #101d34 on #f7f8fe]  [/][#cde0ee on #0f1d27]                                                                                                [/]
Native header Light available=12 bounds=(0,0) 12x1 visible=True tab=True: [bold underline #101d34 on #f7f8fe]     [/][bold underline #101d34 on #f7f8fe]⧉[/][bold underline #101d34 on #f7f8fe]      [/][#cde0ee on #0f1d27]                                                                                        [/]
  Passed ForgeMission.Tests.Cli.CodeCopyControlTests.Actual_host_retires_before_pending_release_and_replacement_accepts_fresh_input(change: "pipeline") [409 ms]
  Passed ForgeMission.Tests.Cli.CodeCopyControlTests.Same_native_header_resizes_through_zero_icon_and_full_label(theme: "Dark") [1 s]
Native header Light available=14 bounds=(0,0) 14x1 visible=True tab=True: [bold underline #101d34 on #f7f8fe]      [/][bold underline #101d34 on #f7f8fe]⧉[/][bold underline #101d34 on #f7f8fe]       [/][#cde0ee on #0f1d27]                                                                                      [/]
Native header Light available=15 bounds=(0,0) 15x1 visible=True tab=True: [bold underline #101d34 on #f7f8fe]  [/][bold underline #101d34 on #f7f8fe]⧉ Copy code[/][bold underline #101d34 on #f7f8fe]  [/][#cde0ee on #0f1d27]                                                                                     [/]
Native header Light available=16 bounds=(1,0) 15x1 visible=True tab=True: [#cde0ee on #0f1d27] [/][bold underline #101d34 on #f7f8fe]  [/][bold underline #101d34 on #f7f8fe]⧉ Copy code[/][bold underline #101d34 on #f7f8fe]  [/][#cde0ee on #0f1d27]                                                                                    [/]
Native header Light available=60 bounds=(45,0) 15x1 visible=True tab=True: [#cde0ee on #0f1d27]                                             [/][bold underline #101d34 on #f7f8fe]  [/][bold underline #101d34 on #f7f8fe]⧉ Copy code[/][bold underline #101d34 on #f7f8fe]  [/][#cde0ee on #0f1d27]                                        [/]
Native header Light available=100 bounds=(85,0) 15x1 visible=True tab=True: [#cde0ee on #0f1d27]                                                                                     [/][bold underline #101d34 on #f7f8fe]  [/][bold underline #101d34 on #f7f8fe]⧉ Copy code[/][bold underline #101d34 on #f7f8fe]  [/]
Native header Light available=2 bounds=(0,0) 2x1 visible=True tab=True: [bold underline #101d34 on #f7f8fe]⧉[/][bold underline #101d34 on #f7f8fe] [/][#cde0ee on #0f1d27]                                                                                                  [/]
Native header Light available=0 bounds=(0,0) 0x0 visible=False tab=False: [#cde0ee on #0f1d27]                                                                                                    [/]
Native header Light available=15 bounds=(0,0) 15x1 visible=True tab=True: [bold underline #101d34 on #f7f8fe]  [/][bold underline #101d34 on #f7f8fe]⧉ Copy code[/][bold underline #101d34 on #f7f8fe]  [/][#cde0ee on #0f1d27]                                                                                     [/]
Native selected Light/json selection=#dbe7fb foregrounds=#101d34,#267f99,#a31515,#098658: [#cde0ee on #0f1d27]   [/][#02853b on #ffffff]􎻮̅̅􎻮̅̍􎻮̅̎[/][#cde0ee on #ffffff] [/][#02850b on #f7f8fe]􎻮̅̅[/][#cde0ee on #f7f8fe] [/][bold #101d34 on #dbe7fb]{ [/][bold #267f99 on #dbe7fb]"greeting"[/][bold #101d34 on #dbe7fb]: [/][bold #a31515 on #dbe7fb]"hello"[/][bold #101d34 on #dbe7fb], [/][bold #267f99 on #dbe7fb]"count"[/][bold #101d34 on #dbe7fb]: [/][bold #098658 on #dbe7fb]1[/][bold #101d34 on #dbe7fb] }[/][#cde0ee on #f7f8fe]                                                [/][#02850c on #f7f8fe]􎻮̅̅[/][#cde0ee on #ffffff] [/][#02853c on #ffffff]􎻮̅̅􎻮̅̍􎻮̅̎[/][#cde0ee on #0f1d27]   [/]
Native selected Dark/json selection=#16345a foregrounds=#e8eef7,#4ec9b0,#ce9178,#b5cea8: [#cde0ee on #0f1d27]   [/][#22853b on #151f2e]􎻮̅̅􎻮̅̍􎻮̅̎􎻮̅̐[/][#22850b on #0f1622]􎻮̅̅[/][#cde0ee on #0f1622] [/][bold #e8eef7 on #16345a]{ [/][bold #4ec9b0 on #16345a]"greeting"[/][bold #e8eef7 on #16345a]: [/][bold #ce9178 on #16345a]"hello"[/][bold #e8eef7 on #16345a], [/][bold #4ec9b0 on #16345a]"count"[/][bold #e8eef7 on #16345a]: [/][bold #b5cea8 on #16345a]1[/][bold #e8eef7 on #16345a] }[/][#cde0ee on #0f1622]                                                [/][#22850c on #0f1622]􎻮̅̅[/][#22853c on #151f2e]􎻮̅̅􎻮̅̍􎻮̅̎􎻮̅̐[/][#cde0ee on #0f1d27]   [/]
  Passed ForgeMission.Tests.Cli.CodeCopyControlTests.Same_native_header_resizes_through_zero_icon_and_full_label(theme: "Light") [1 s]
  Passed ForgeMission.Tests.Cli.CodeCopyControlTests.Wrapper_retained_visual_resume_preserves_original_enabled_state(enabled: False) [242 ms]
  Passed ForgeMission.Tests.Cli.CodeCopyControlTests.Wrapper_retained_visual_resume_preserves_original_enabled_state(enabled: True) [233 ms]
  Passed ForgeMission.Tests.Cli.CodeCopyControlTests.Selected_product_syntax_keeps_native_foregrounds_on_theme_selection(theme: "Light", language: "json", code: "{ \"greeting\": \"hello\", \"count\": 1 }") [257 ms]
Native selected Dark/csharp selection=#16345a foregrounds=#569cd6,#e8eef7,#9cdcfe,#d4d4d4,#ce9178: [#cde0ee on #0f1d27]   [/][#22853b on #151f2e]􎻮̅̅􎻮̅̍􎻮̅̎􎻮̅̐[/][#22850b on #0f1622]􎻮̅̅[/][#cde0ee on #0f1622] [/][bold #569cd6 on #16345a]var[/][bold #e8eef7 on #16345a] [/][bold #9cdcfe on #16345a]greeting[/][bold #e8eef7 on #16345a] [/][bold #d4d4d4 on #16345a]=[/][bold #e8eef7 on #16345a] [/][bold #ce9178 on #16345a]"hello"[/][bold #e8eef7 on #16345a];[/][#cde0ee on #0f1622]                                                            [/][#22850c on #0f1622]􎻮̅̅[/][#22853c on #151f2e]􎻮̅̅􎻮̅̍􎻮̅̎􎻮̅̐[/][#cde0ee on #0f1d27]   [/]
Native selected Light/go selection=#dbe7fb foregrounds=#0000ff,#101d34,#795e26,#a31515: [#cde0ee on #0f1d27]   [/][#02853b on #ffffff]􎻮̅̅􎻮̅̍􎻮̅̎[/][#cde0ee on #ffffff] [/][#02850b on #f7f8fe]􎻮̅̅[/][#cde0ee on #f7f8fe] [/][bold #0000ff on #dbe7fb]func[/][bold #101d34 on #dbe7fb] [/][bold #795e26 on #dbe7fb]main[/][bold #101d34 on #dbe7fb]() { [/][bold #795e26 on #dbe7fb]println[/][bold #101d34 on #dbe7fb]([/][bold #a31515 on #dbe7fb]"hello"[/][bold #101d34 on #dbe7fb]) }[/][#cde0ee on #f7f8fe]                                                   [/][#02850c on #f7f8fe]􎻮̅̅[/][#cde0ee on #ffffff] [/][#02853c on #ffffff]􎻮̅̅􎻮̅̍􎻮̅̎[/][#cde0ee on #0f1d27]   [/]
Native selected Light/csharp selection=#dbe7fb foregrounds=#0000ff,#101d34,#001080,#a31515: [#cde0ee on #0f1d27]   [/][#02853b on #ffffff]􎻮̅̅􎻮̅̍􎻮̅̎[/][#cde0ee on #ffffff] [/][#02850b on #f7f8fe]􎻮̅̅[/][#cde0ee on #f7f8fe] [/][bold #0000ff on #dbe7fb]var[/][bold #101d34 on #dbe7fb] [/][bold #001080 on #dbe7fb]greeting[/][bold #101d34 on #dbe7fb] = [/][bold #a31515 on #dbe7fb]"hello"[/][bold #101d34 on #dbe7fb];[/][#cde0ee on #f7f8fe]                                                            [/][#02850c on #f7f8fe]􎻮̅̅[/][#cde0ee on #ffffff] [/][#02853c on #ffffff]􎻮̅̅􎻮̅̍􎻮̅̎[/][#cde0ee on #0f1d27]   [/]
Native selected Dark/go selection=#16345a foregrounds=#569cd6,#e8eef7,#dcdcaa,#ce9178: [#cde0ee on #0f1d27]   [/][#22853b on #151f2e]􎻮̅̅􎻮̅̍􎻮̅̎􎻮̅̐[/][#22850b on #0f1622]􎻮̅̅[/][#cde0ee on #0f1622] [/][bold #569cd6 on #16345a]func[/][bold #e8eef7 on #16345a] [/][bold #dcdcaa on #16345a]main[/][bold #e8eef7 on #16345a]() { [/][bold #dcdcaa on #16345a]println[/][bold #e8eef7 on #16345a]([/][bold #ce9178 on #16345a]"hello"[/][bold #e8eef7 on #16345a]) }[/][#cde0ee on #0f1622]                                                   [/][#22850c on #0f1622]􎻮̅̅[/][#22853c on #151f2e]􎻮̅̅􎻮̅̍􎻮̅̎􎻮̅̐[/][#cde0ee on #0f1d27]   [/]
  Passed ForgeMission.Tests.Cli.CodeCopyControlTests.Selected_product_syntax_keeps_native_foregrounds_on_theme_selection(theme: "Dark", language: "json", code: "{ \"greeting\": \"hello\", \"count\": 1 }") [283 ms]
  Passed ForgeMission.Tests.Cli.CodeCopyControlTests.Selected_product_syntax_keeps_native_foregrounds_on_theme_selection(theme: "Dark", language: "csharp", code: "var greeting = \"hello\";") [293 ms]
  Passed ForgeMission.Tests.Cli.CodeCopyControlTests.Selected_product_syntax_keeps_native_foregrounds_on_theme_selection(theme: "Light", language: "go", code: "func main() { println(\"hello\") }") [259 ms]
  Passed ForgeMission.Tests.Cli.CodeCopyControlTests.Selected_product_syntax_keeps_native_foregrounds_on_theme_selection(theme: "Light", language: "csharp", code: "var greeting = \"hello\";") [263 ms]
  Passed ForgeMission.Tests.Cli.CodeCopyControlTests.Selected_product_syntax_keeps_native_foregrounds_on_theme_selection(theme: "Dark", language: "go", code: "func main() { println(\"hello\") }") [290 ms]
  Passed ForgeMission.Tests.Cli.CodeCopyControlTests.Transport_continuation_rejects_retirement_or_ineligible_ancestor(mutation: "ancestor-disabled") [278 ms]
  Passed ForgeMission.Tests.Cli.CodeCopyControlTests.Transport_continuation_rejects_retirement_or_ineligible_ancestor(mutation: "retire") [278 ms]
  Passed ForgeMission.Tests.Cli.CodeCopyControlTests.Transport_continuation_rejects_retirement_or_ineligible_ancestor(mutation: "ancestor-hidden") [277 ms]
  Passed ForgeMission.Tests.Cli.CodeCopyControlTests.Actual_renderer_copies_complete_code_and_keeps_native_runs_in_both_themes [2 s]
[xUnit.net 00:00:14.43]   Finished:    ForgeMission.Mcl.Tests
  Passed ForgeMission.Tests.Cli.CodeCopyControlTests.Detach_during_transport_cannot_revive_feedback [218 ms]
  Passed ForgeMission.Tests.Cli.CodeCopyControlTests.Rendered_feedback_updates_without_resize_and_moves_between_buttons(theme: "Light") [429 ms]
  Passed ForgeMission.Tests.Cli.CodeCopyControlTests.Rendered_feedback_updates_without_resize_and_moves_between_buttons(theme: "Dark") [413 ms]

Test Run Successful.
Total tests: 32
     Passed: 32
 Total time: 14.7171 Seconds
