2026-10-06T04:11:39.8714188Z Current runner version: '2.337.0'
2026-10-06T04:11:39.8739349Z ##[group]Runner Image Provisioner
2026-10-06T04:11:39.8740222Z Hosted Compute Agent
2026-10-06T04:11:39.8740975Z Version: 20260901.588
2026-10-06T04:11:39.8741629Z Commit: f88ec8081b781fac6c440065ac7ff9e710ce3d0b
2026-10-06T04:11:39.8742591Z Build Date: 2026-09-01T19:56:44Z
2026-10-06T04:11:39.8743374Z Worker ID: {bebabff0-a0b8-474b-abe4-bdecf70ff86c}
2026-10-06T04:11:39.8744096Z Azure Region: westus3
2026-10-06T04:11:39.8744689Z ##[endgroup]
2026-10-06T04:11:39.8746395Z ##[group]Operating System
2026-10-06T04:11:39.8747104Z Ubuntu
2026-10-06T04:11:39.8747747Z 24.04.5
2026-10-06T04:11:39.8748259Z LTS
2026-10-06T04:11:39.8748870Z ##[endgroup]
2026-10-06T04:11:39.8749441Z ##[group]Runner Image
2026-10-06T04:11:39.8750043Z Image: ubuntu-24.04
2026-10-06T04:11:39.8750644Z Version: 20260927.320.1
2026-10-06T04:11:39.8752204Z Included Software: https://github.com/actions/runner-images/blob/ubuntu24/20260927.320/images/ubuntu/Ubuntu2404-Readme.md
2026-10-06T04:11:39.8754157Z Image Release: https://github.com/actions/runner-images/releases/tag/ubuntu24%2F20260927.320
2026-10-06T04:11:39.8755130Z ##[endgroup]
2026-10-06T04:11:39.8756264Z ##[group]GITHUB_TOKEN Permissions
2026-10-06T04:11:39.8758504Z Contents: write
2026-10-06T04:11:39.8759222Z Metadata: read
2026-10-06T04:11:39.8759794Z ##[endgroup]
2026-10-06T04:11:39.8762641Z Secret source: Actions
2026-10-06T04:11:39.8763656Z Cache mode: write
2026-10-06T04:11:39.8764574Z Prepare workflow directory
2026-10-06T04:11:39.9309467Z Prepare all required actions
2026-10-06T04:11:39.9356976Z Getting action download info
2026-10-06T04:11:40.2409853Z Download action repository 'actions/checkout@v6' (SHA:d23441a48e516b6c34aea4fa41551a30e30af803)
2026-10-06T04:11:40.3575077Z Download action repository 'actions/download-artifact@v8' (SHA:3e5f45b2cfb9172054b4087a40e8e0b5a5461e7c)
2026-10-06T04:11:41.2404864Z Complete job name: publish
2026-10-06T04:11:41.3133894Z ##[group]Run actions/checkout@v6
2026-10-06T04:11:41.3134906Z with:
2026-10-06T04:11:41.3135449Z   ref: d23387492de4563abe9a57d5a51dfb538745f725
2026-10-06T04:11:41.3136127Z   repository: katasec/forge-mcl
2026-10-06T04:11:41.3140147Z   token: ***
2026-10-06T04:11:41.3140623Z   ssh-strict: true
2026-10-06T04:11:41.3141120Z   ssh-user: git
2026-10-06T04:11:41.3141610Z   persist-credentials: true
2026-10-06T04:11:41.3142427Z   clean: true
2026-10-06T04:11:41.3142919Z   sparse-checkout-cone-mode: true
2026-10-06T04:11:41.3143485Z   fetch-depth: 1
2026-10-06T04:11:41.3143951Z   fetch-tags: false
2026-10-06T04:11:41.3144426Z   show-progress: true
2026-10-06T04:11:41.3144918Z   lfs: false
2026-10-06T04:11:41.3145373Z   submodules: false
2026-10-06T04:11:41.3145887Z   set-safe-directory: true
2026-10-06T04:11:41.3146425Z   allow-unsafe-pr-checkout: false
2026-10-06T04:11:41.3147263Z env:
2026-10-06T04:11:41.3147764Z   FORCE_JAVASCRIPT_ACTIONS_TO_NODE24: true
2026-10-06T04:11:41.3148430Z   VERSION: 0.9.4
2026-10-06T04:11:41.3148985Z   SOURCE_SHA: d23387492de4563abe9a57d5a51dfb538745f725
2026-10-06T04:11:41.3149655Z   DEFAULT_BRANCH: main
2026-10-06T04:11:41.3150142Z ##[endgroup]
2026-10-06T04:11:41.4174127Z Syncing repository: katasec/forge-mcl
2026-10-06T04:11:41.4177135Z ##[group]Getting Git version info
2026-10-06T04:11:41.4178435Z Working directory is '/home/runner/work/forge-mcl/forge-mcl'
2026-10-06T04:11:41.4180285Z [command]/usr/bin/git version
2026-10-06T04:11:41.4247352Z git version 2.55.0
2026-10-06T04:11:41.4281152Z ##[endgroup]
2026-10-06T04:11:41.4301151Z Temporarily overriding HOME='/home/runner/work/_temp/3adbb401-2924-4eda-9f6f-7852101da662' before making global git config changes
2026-10-06T04:11:41.4303475Z Adding repository directory to the temporary git global config as a safe directory
2026-10-06T04:11:41.4304776Z [command]/usr/bin/git config --global --add safe.directory /home/runner/work/forge-mcl/forge-mcl
2026-10-06T04:11:41.4363460Z Deleting the contents of '/home/runner/work/forge-mcl/forge-mcl'
2026-10-06T04:11:41.4366125Z ##[group]Determining repository object format
2026-10-06T04:11:41.4368545Z ##[endgroup]
2026-10-06T04:11:41.4370189Z ##[group]Initializing the repository
2026-10-06T04:11:41.4373894Z [command]/usr/bin/git init /home/runner/work/forge-mcl/forge-mcl
2026-10-06T04:11:41.4488967Z hint: Using 'master' as the name for the initial branch. This default branch name
2026-10-06T04:11:41.4490993Z hint: will change to "main" in Git 3.0. To configure the initial branch name
2026-10-06T04:11:41.4499455Z hint: to use in all of your new repositories, which will suppress this warning,
2026-10-06T04:11:41.4501402Z hint: call:
2026-10-06T04:11:41.4503017Z hint:
2026-10-06T04:11:41.4505682Z hint: 	git config --global init.defaultBranch <name>
2026-10-06T04:11:41.4507484Z hint:
2026-10-06T04:11:41.4509160Z hint: Names commonly chosen instead of 'master' are 'main', 'trunk' and
2026-10-06T04:11:41.4511551Z hint: 'development'. The just-created branch can be renamed via this command:
2026-10-06T04:11:41.4513723Z hint:
2026-10-06T04:11:41.4515075Z hint: 	git branch -m <name>
2026-10-06T04:11:41.4516566Z hint:
2026-10-06T04:11:41.4518420Z hint: Disable this message with "git config set advice.defaultBranchName false"
2026-10-06T04:11:41.4521118Z Initialized empty Git repository in /home/runner/work/forge-mcl/forge-mcl/.git/
2026-10-06T04:11:41.4525462Z [command]/usr/bin/git remote add origin https://github.com/katasec/forge-mcl
2026-10-06T04:11:41.4587521Z ##[endgroup]
2026-10-06T04:11:41.4588849Z ##[group]Disabling automatic garbage collection
2026-10-06T04:11:41.4590995Z [command]/usr/bin/git config --local gc.auto 0
2026-10-06T04:11:41.4625851Z ##[endgroup]
2026-10-06T04:11:41.4627791Z ##[group]Setting up auth
2026-10-06T04:11:41.4628872Z Removing SSH command configuration
2026-10-06T04:11:41.4633708Z [command]/usr/bin/git config --local --name-only --get-regexp core\.sshCommand
2026-10-06T04:11:41.4669441Z [command]/usr/bin/git submodule foreach --recursive sh -c "git config --local --name-only --get-regexp 'core\.sshCommand' && git config --local --unset-all 'core.sshCommand' || :"
2026-10-06T04:11:41.5045985Z Removing HTTP extra header
2026-10-06T04:11:41.5052622Z [command]/usr/bin/git config --local --name-only --get-regexp http\.https\:\/\/github\.com\/\.extraheader
2026-10-06T04:11:41.5095379Z [command]/usr/bin/git submodule foreach --recursive sh -c "git config --local --name-only --get-regexp 'http\.https\:\/\/github\.com\/\.extraheader' && git config --local --unset-all 'http.https://github.com/.extraheader' || :"
2026-10-06T04:11:41.5327312Z Removing includeIf entries pointing to credentials config files
2026-10-06T04:11:41.5333960Z [command]/usr/bin/git config --local --name-only --get-regexp ^includeIf\.gitdir:
2026-10-06T04:11:41.5372656Z [command]/usr/bin/git submodule foreach --recursive git config --local --show-origin --name-only --get-regexp remote.origin.url
2026-10-06T04:11:41.5603944Z [command]/usr/bin/git config --file /home/runner/work/_temp/git-credentials-da2812ab-17eb-4d95-a26a-0c7bd1ecffc9.config http.https://github.com/.extraheader AUTHORIZATION: basic ***
2026-10-06T04:11:41.5645921Z [command]/usr/bin/git config --local includeIf.gitdir:/home/runner/work/forge-mcl/forge-mcl/.git.path /home/runner/work/_temp/git-credentials-da2812ab-17eb-4d95-a26a-0c7bd1ecffc9.config
2026-10-06T04:11:41.5681218Z [command]/usr/bin/git config --local includeIf.gitdir:/home/runner/work/forge-mcl/forge-mcl/.git/worktrees/*.path /home/runner/work/_temp/git-credentials-da2812ab-17eb-4d95-a26a-0c7bd1ecffc9.config
2026-10-06T04:11:41.5719250Z [command]/usr/bin/git config --local includeIf.gitdir:/github/workspace/.git.path /github/runner_temp/git-credentials-da2812ab-17eb-4d95-a26a-0c7bd1ecffc9.config
2026-10-06T04:11:41.5754758Z [command]/usr/bin/git config --local includeIf.gitdir:/github/workspace/.git/worktrees/*.path /github/runner_temp/git-credentials-da2812ab-17eb-4d95-a26a-0c7bd1ecffc9.config
2026-10-06T04:11:41.5820127Z ##[endgroup]
2026-10-06T04:11:41.5821031Z ##[group]Fetching the repository
2026-10-06T04:11:41.5829325Z [command]/usr/bin/git -c protocol.version=2 fetch --no-tags --prune --no-recurse-submodules --depth=1 origin d23387492de4563abe9a57d5a51dfb538745f725
2026-10-06T04:11:42.4205605Z From https://github.com/katasec/forge-mcl
2026-10-06T04:11:42.4207296Z  * branch            d23387492de4563abe9a57d5a51dfb538745f725 -> FETCH_HEAD
2026-10-06T04:11:42.4219781Z [command]/usr/bin/git rev-parse --verify --quiet d23387492de4563abe9a57d5a51dfb538745f725^{object}
2026-10-06T04:11:42.4249640Z d23387492de4563abe9a57d5a51dfb538745f725
2026-10-06T04:11:42.4255904Z ##[endgroup]
2026-10-06T04:11:42.4257845Z ##[group]Determining the checkout info
2026-10-06T04:11:42.4260152Z ##[endgroup]
2026-10-06T04:11:42.4261518Z [command]/usr/bin/git sparse-checkout disable
2026-10-06T04:11:42.4316552Z [command]/usr/bin/git config --local --unset-all extensions.worktreeConfig
2026-10-06T04:11:42.4349142Z ##[group]Checking out the ref
2026-10-06T04:11:42.4354406Z [command]/usr/bin/git checkout --progress --force d23387492de4563abe9a57d5a51dfb538745f725
2026-10-06T04:11:42.4598970Z Note: switching to 'd23387492de4563abe9a57d5a51dfb538745f725'.
2026-10-06T04:11:42.4600288Z 
2026-10-06T04:11:42.4601162Z You are in 'detached HEAD' state. You can look around, make experimental
2026-10-06T04:11:42.4603726Z changes and commit them, and you can discard any commits you make in this
2026-10-06T04:11:42.4605935Z state without impacting any branches by switching back to a branch.
2026-10-06T04:11:42.4607236Z 
2026-10-06T04:11:42.4608068Z If you want to create a new branch to retain commits you create, you may
2026-10-06T04:11:42.4610251Z do so (now or later) by using -c with the switch command. Example:
2026-10-06T04:11:42.4611447Z 
2026-10-06T04:11:42.4612229Z   git switch -c <new-branch-name>
2026-10-06T04:11:42.4613411Z 
2026-10-06T04:11:42.4613886Z Or undo this operation with:
2026-10-06T04:11:42.4614625Z 
2026-10-06T04:11:42.4615068Z   git switch -
2026-10-06T04:11:42.4615776Z 
2026-10-06T04:11:42.4617628Z Turn off this advice by setting config variable advice.detachedHead to false
2026-10-06T04:11:42.4619814Z 
2026-10-06T04:11:42.4621490Z HEAD is now at d233874 feat(tui): add truthful native text clipboard and snippet Copy (#62)
2026-10-06T04:11:42.4627862Z ##[endgroup]
2026-10-06T04:11:42.4689975Z [command]/usr/bin/git log -1 --format=%H
2026-10-06T04:11:42.4740166Z d23387492de4563abe9a57d5a51dfb538745f725
2026-10-06T04:11:42.5154692Z ##[group]Run actions/download-artifact@v8
2026-10-06T04:11:42.5155884Z with:
2026-10-06T04:11:42.5156627Z   pattern: forge-*
2026-10-06T04:11:42.5157468Z   merge-multiple: true
2026-10-06T04:11:42.5158326Z   path: dist
2026-10-06T04:11:42.5159181Z   repository: katasec/forge-mcl
2026-10-06T04:11:42.5160151Z   run-id: 37410293172
2026-10-06T04:11:42.5161005Z   skip-decompress: false
2026-10-06T04:11:42.5162245Z   digest-mismatch: error
2026-10-06T04:11:42.5163144Z env:
2026-10-06T04:11:42.5163952Z   FORCE_JAVASCRIPT_ACTIONS_TO_NODE24: true
2026-10-06T04:11:42.5165080Z   VERSION: 0.9.4
2026-10-06T04:11:42.5166069Z   SOURCE_SHA: d23387492de4563abe9a57d5a51dfb538745f725
2026-10-06T04:11:42.5167349Z   DEFAULT_BRANCH: main
2026-10-06T04:11:42.5168196Z ##[endgroup]
2026-10-06T04:11:42.9093611Z Found 4 artifact(s)
2026-10-06T04:11:42.9095574Z Filtering artifacts by pattern 'forge-*'
2026-10-06T04:11:42.9111571Z Preparing to download the following artifacts:
2026-10-06T04:11:42.9115859Z - forge-linux-x64 (ID: 11389466241, Size: 137353724, Expected Digest: sha256:dcc987ab15877e1c9e3ddab8b648a6710d0e04726cd15ab111ef973b6698db85)
2026-10-06T04:11:42.9120119Z - forge-osx-arm64 (ID: 11389408860, Size: 116546428, Expected Digest: sha256:85dc7747ead6130ccd24e58a4babcba6c7c5fb330cbf9738b2367f533f35d41d)
2026-10-06T04:11:42.9124489Z - forge-win-arm64 (ID: 11389227156, Size: 161266495, Expected Digest: sha256:ca8fc97f12df9fad4b1e26ea5d31ee9d8c9344ea27ef45c49f7ca5a7839ea703)
2026-10-06T04:11:42.9130107Z - forge-linux-arm64 (ID: 11389102905, Size: 130066962, Expected Digest: sha256:83fe9b6527c466dbd6350681795016734030f69c222232c6fbba7f5b329b66fb)
2026-10-06T04:11:43.3461166Z Redirecting to blob download url: https://productionresultssa8.blob.core.windows.net/actions-results/6184a88c-b6ef-4e92-b59e-f309907eca5b/workflow-job-run-0ea6c204-cd43-5ab3-84f7-082fcc1f5b42/artifacts/7257dfe31bf59178562c797a4e54842d8ca1e900e9bc8c02e886b1ca10516c70.zip
2026-10-06T04:11:43.3464255Z Starting download of artifact to: /home/runner/work/forge-mcl/forge-mcl/dist
2026-10-06T04:11:43.3485299Z Redirecting to blob download url: https://productionresultssa8.blob.core.windows.net/actions-results/6184a88c-b6ef-4e92-b59e-f309907eca5b/workflow-job-run-98109ef4-7857-5aa4-891c-8176aaade737/artifacts/ad1200396ae88d2797da56fca599966eef3290f949ac726fc56df22f9954abd8.zip
2026-10-06T04:11:43.3487145Z Starting download of artifact to: /home/runner/work/forge-mcl/forge-mcl/dist
2026-10-06T04:11:43.3517391Z Redirecting to blob download url: https://productionresultssa8.blob.core.windows.net/actions-results/6184a88c-b6ef-4e92-b59e-f309907eca5b/workflow-job-run-dd77702c-305a-58f8-b6ee-af5bba97bda1/artifacts/5a4df3ae90bbccf515f7943aea9cdad051da3a4a6b74131a4a58d7a42dd5cb89.zip
2026-10-06T04:11:43.3519050Z Starting download of artifact to: /home/runner/work/forge-mcl/forge-mcl/dist
2026-10-06T04:11:43.3540767Z Redirecting to blob download url: https://productionresultssa8.blob.core.windows.net/actions-results/6184a88c-b6ef-4e92-b59e-f309907eca5b/workflow-job-run-6753407e-578b-5e85-9ef7-d608ca1116f4/artifacts/fccc59f15fed75ea12ca156a8538faae7bc6cb9c78913372a149a690b207e841.zip
2026-10-06T04:11:43.3542845Z Starting download of artifact to: /home/runner/work/forge-mcl/forge-mcl/dist
2026-10-06T04:11:43.6128153Z (node:2283) [DEP0005] DeprecationWarning: Buffer() is deprecated due to security and usability issues. Please use the Buffer.alloc(), Buffer.allocUnsafe(), or Buffer.from() methods instead.
2026-10-06T04:11:43.6129716Z (Use `node --trace-deprecation ...` to show where the warning was created)
2026-10-06T04:11:48.5786123Z SHA256 digest of downloaded artifact is 83fe9b6527c466dbd6350681795016734030f69c222232c6fbba7f5b329b66fb
2026-10-06T04:11:48.5791094Z Artifact download completed successfully.
2026-10-06T04:11:48.6710061Z SHA256 digest of downloaded artifact is 85dc7747ead6130ccd24e58a4babcba6c7c5fb330cbf9738b2367f533f35d41d
2026-10-06T04:11:48.6711240Z Artifact download completed successfully.
2026-10-06T04:11:48.9693737Z SHA256 digest of downloaded artifact is dcc987ab15877e1c9e3ddab8b648a6710d0e04726cd15ab111ef973b6698db85
2026-10-06T04:11:48.9694891Z Artifact download completed successfully.
2026-10-06T04:11:49.4759680Z SHA256 digest of downloaded artifact is ca8fc97f12df9fad4b1e26ea5d31ee9d8c9344ea27ef45c49f7ca5a7839ea703
2026-10-06T04:11:49.4760857Z Artifact download completed successfully.
2026-10-06T04:11:49.4761450Z Total of 4 artifact(s) downloaded
2026-10-06T04:11:49.4765778Z Download artifact has finished successfully
2026-10-06T04:11:49.4953896Z ##[group]Run set -euo pipefail
2026-10-06T04:11:49.4954319Z [36;1mset -euo pipefail[0m
2026-10-06T04:11:49.4954641Z [36;1mtag="v$VERSION"[0m
2026-10-06T04:11:49.4955072Z [36;1mexisting_tag=$(git ls-remote --tags origin "refs/tags/$tag")[0m
2026-10-06T04:11:49.4955565Z [36;1mif [[ -n "$existing_tag" ]]; then[0m
2026-10-06T04:11:49.4956035Z [36;1m  echo "Tag $tag already exists; releases are not overwritten." >&2[0m
2026-10-06T04:11:49.4956485Z [36;1m  exit 1[0m
2026-10-06T04:11:49.4956735Z [36;1mfi[0m
2026-10-06T04:11:49.4957074Z [36;1mgh release create "$tag" --repo "$GITHUB_REPOSITORY" \[0m
2026-10-06T04:11:49.4957591Z [36;1m  --target "$SOURCE_SHA" --title "$tag" --generate-notes \[0m
2026-10-06T04:11:49.4958129Z [36;1m  dist/forge-osx-arm64.zip dist/forge-osx-arm64.zip.sha256 \[0m
2026-10-06T04:11:49.4958643Z [36;1m  dist/forge-linux-x64.zip dist/forge-linux-x64.zip.sha256 \[0m
2026-10-06T04:11:49.4959191Z [36;1m  dist/forge-linux-arm64.zip dist/forge-linux-arm64.zip.sha256 \[0m
2026-10-06T04:11:49.4959734Z [36;1m  dist/forge-win-arm64.zip dist/forge-win-arm64.zip.sha256[0m
2026-10-06T04:11:49.5228066Z shell: /usr/bin/bash --noprofile --norc -e -o pipefail {0}
2026-10-06T04:11:49.5228732Z env:
2026-10-06T04:11:49.5229017Z   FORCE_JAVASCRIPT_ACTIONS_TO_NODE24: true
2026-10-06T04:11:49.5229368Z   VERSION: 0.9.4
2026-10-06T04:11:49.5229687Z   SOURCE_SHA: d23387492de4563abe9a57d5a51dfb538745f725
2026-10-06T04:11:49.5230059Z   DEFAULT_BRANCH: main
2026-10-06T04:11:49.5233291Z   GH_TOKEN: ***
2026-10-06T04:11:49.5233559Z ##[endgroup]
2026-10-06T04:12:03.1653463Z https://github.com/katasec/forge-mcl/releases/tag/v0.9.4
2026-10-06T04:12:03.1802276Z Post job cleanup.
2026-10-06T04:12:03.2672636Z [command]/usr/bin/git version
2026-10-06T04:12:03.2715104Z git version 2.55.0
2026-10-06T04:12:03.2758507Z Temporarily overriding HOME='/home/runner/work/_temp/a849686e-509f-4235-a168-1ad58f54190b' before making global git config changes
2026-10-06T04:12:03.2760227Z Adding repository directory to the temporary git global config as a safe directory
2026-10-06T04:12:03.2764406Z [command]/usr/bin/git config --global --add safe.directory /home/runner/work/forge-mcl/forge-mcl
2026-10-06T04:12:03.2799232Z Removing SSH command configuration
2026-10-06T04:12:03.2807036Z [command]/usr/bin/git config --local --name-only --get-regexp core\.sshCommand
2026-10-06T04:12:03.2845460Z [command]/usr/bin/git submodule foreach --recursive sh -c "git config --local --name-only --get-regexp 'core\.sshCommand' && git config --local --unset-all 'core.sshCommand' || :"
2026-10-06T04:12:03.3097336Z Removing HTTP extra header
2026-10-06T04:12:03.3104143Z [command]/usr/bin/git config --local --name-only --get-regexp http\.https\:\/\/github\.com\/\.extraheader
2026-10-06T04:12:03.3147752Z [command]/usr/bin/git submodule foreach --recursive sh -c "git config --local --name-only --get-regexp 'http\.https\:\/\/github\.com\/\.extraheader' && git config --local --unset-all 'http.https://github.com/.extraheader' || :"
2026-10-06T04:12:03.3405501Z Removing includeIf entries pointing to credentials config files
2026-10-06T04:12:03.3415939Z [command]/usr/bin/git config --local --name-only --get-regexp ^includeIf\.gitdir:
2026-10-06T04:12:03.3446682Z includeif.gitdir:/home/runner/work/forge-mcl/forge-mcl/.git.path
2026-10-06T04:12:03.3447626Z includeif.gitdir:/home/runner/work/forge-mcl/forge-mcl/.git/worktrees/*.path
2026-10-06T04:12:03.3448322Z includeif.gitdir:/github/workspace/.git.path
2026-10-06T04:12:03.3448876Z includeif.gitdir:/github/workspace/.git/worktrees/*.path
2026-10-06T04:12:03.3457129Z [command]/usr/bin/git config --local --get-all includeif.gitdir:/home/runner/work/forge-mcl/forge-mcl/.git.path
2026-10-06T04:12:03.3485098Z /home/runner/work/_temp/git-credentials-da2812ab-17eb-4d95-a26a-0c7bd1ecffc9.config
2026-10-06T04:12:03.3498819Z [command]/usr/bin/git config --local --unset includeif.gitdir:/home/runner/work/forge-mcl/forge-mcl/.git.path /home/runner/work/_temp/git-credentials-da2812ab-17eb-4d95-a26a-0c7bd1ecffc9.config
2026-10-06T04:12:03.3543715Z [command]/usr/bin/git config --local --get-all includeif.gitdir:/home/runner/work/forge-mcl/forge-mcl/.git/worktrees/*.path
2026-10-06T04:12:03.3573614Z /home/runner/work/_temp/git-credentials-da2812ab-17eb-4d95-a26a-0c7bd1ecffc9.config
2026-10-06T04:12:03.3585711Z [command]/usr/bin/git config --local --unset includeif.gitdir:/home/runner/work/forge-mcl/forge-mcl/.git/worktrees/*.path /home/runner/work/_temp/git-credentials-da2812ab-17eb-4d95-a26a-0c7bd1ecffc9.config
2026-10-06T04:12:03.3630282Z [command]/usr/bin/git config --local --get-all includeif.gitdir:/github/workspace/.git.path
2026-10-06T04:12:03.3671286Z /github/runner_temp/git-credentials-da2812ab-17eb-4d95-a26a-0c7bd1ecffc9.config
2026-10-06T04:12:03.3675996Z [command]/usr/bin/git config --local --unset includeif.gitdir:/github/workspace/.git.path /github/runner_temp/git-credentials-da2812ab-17eb-4d95-a26a-0c7bd1ecffc9.config
2026-10-06T04:12:03.3716263Z [command]/usr/bin/git config --local --get-all includeif.gitdir:/github/workspace/.git/worktrees/*.path
2026-10-06T04:12:03.3749594Z /github/runner_temp/git-credentials-da2812ab-17eb-4d95-a26a-0c7bd1ecffc9.config
2026-10-06T04:12:03.3762514Z [command]/usr/bin/git config --local --unset includeif.gitdir:/github/workspace/.git/worktrees/*.path /github/runner_temp/git-credentials-da2812ab-17eb-4d95-a26a-0c7bd1ecffc9.config
2026-10-06T04:12:03.3802426Z [command]/usr/bin/git submodule foreach --recursive git config --local --show-origin --name-only --get-regexp remote.origin.url
2026-10-06T04:12:03.4028946Z Removing credentials config '/home/runner/work/_temp/git-credentials-da2812ab-17eb-4d95-a26a-0c7bd1ecffc9.config'
2026-10-06T04:12:03.4183025Z Cleaning up orphan processes
