  Determining projects to restore...
  Restored /Users/ameerdeen/progs/forge-mcl/src/ForgeMission.MissionRegistry/ForgeMission.MissionRegistry.csproj (in 123 ms).
  Restored /Users/ameerdeen/progs/forge-mcl/src/ForgeMission.Serve/ForgeMission.Serve.csproj (in 123 ms).
  Restored /Users/ameerdeen/progs/forge-mcl/src/ForgeMission.Scout/ForgeMission.Scout.csproj (in 123 ms).
  Restored /Users/ameerdeen/progs/forge-mcl/src/ForgeMission.Core/ForgeMission.Core.csproj (in 123 ms).
  Restored /Users/ameerdeen/progs/forge-mcl/src/ForgeMission.Docker/ForgeMission.Docker.csproj (in 123 ms).
  Restored /Users/ameerdeen/progs/forge-mcl/src/ForgeMission.Parser/ForgeMission.Parser.csproj (in 123 ms).
  Restored /Users/ameerdeen/progs/forge-mcl/src/ForgeMission.ChatClients/ForgeMission.ChatClients.csproj (in 123 ms).
  Restored /Users/ameerdeen/progs/forge-mcl/src/ForgeMission.Cli/ForgeMission.Cli.csproj (in 127 ms).
  2 of 10 projects are up-to-date for restore.
  ForgeMission.Terminal.Extensions -> /Users/ameerdeen/progs/forge-mcl/src/ForgeMission.Terminal.Extensions/bin/Debug/net10.0/ForgeMission.Terminal.Extensions.dll
  ForgeMission.MissionRegistry -> /Users/ameerdeen/progs/forge-mcl/src/ForgeMission.MissionRegistry/bin/Debug/net10.0/ForgeMission.MissionRegistry.dll
  ForgeMission.Scout -> /Users/ameerdeen/progs/forge-mcl/src/ForgeMission.Scout/bin/Debug/net10.0/ForgeMission.Scout.dll
  ForgeMission.Serve -> /Users/ameerdeen/progs/forge-mcl/src/ForgeMission.Serve/bin/Debug/net10.0/ForgeMission.Serve.dll
  ForgeMission.Docker -> /Users/ameerdeen/progs/forge-mcl/src/ForgeMission.Docker/bin/Debug/net10.0/ForgeMission.Docker.dll
  ForgeMission.Parser -> /Users/ameerdeen/progs/forge-mcl/src/ForgeMission.Parser/bin/Debug/net10.0/ForgeMission.Parser.dll
  ForgeMission.Core -> /Users/ameerdeen/progs/forge-mcl/src/ForgeMission.Core/bin/Debug/net10.0/ForgeMission.Core.dll
  ForgeMission.ChatClients -> /Users/ameerdeen/progs/forge-mcl/src/ForgeMission.ChatClients/bin/Debug/net10.0/ForgeMission.ChatClients.dll
  ForgeMission.Cli -> /Users/ameerdeen/progs/forge-mcl/src/ForgeMission.Cli/bin/Debug/net10.0/forge.dll
  ForgeMission.Mcl.Tests -> /Users/ameerdeen/progs/forge-mcl/tests/ForgeMission.Mcl.Tests/bin/Debug/net10.0/ForgeMission.Mcl.Tests.dll
Test run for /Users/ameerdeen/progs/forge-mcl/tests/ForgeMission.Mcl.Tests/bin/Debug/net10.0/ForgeMission.Mcl.Tests.dll (.NETCoreApp,Version=v10.0)
A total of 1 test files matched the specified pattern.
/Users/ameerdeen/progs/forge-mcl/tests/ForgeMission.Mcl.Tests/bin/Debug/net10.0/ForgeMission.Mcl.Tests.dll
[xUnit.net 00:00:00.00] xUnit.net VSTest Adapter v3.1.4+50e68bbb8b (64-bit .NET 10.0.12)
[xUnit.net 00:00:00.08]   Discovering: ForgeMission.Mcl.Tests
[xUnit.net 00:00:00.16]   Discovered:  ForgeMission.Mcl.Tests
[xUnit.net 00:00:00.18]   Starting:    ForgeMission.Mcl.Tests
  Passed ForgeMission.Tests.Cli.TextInteractionTests.Actual_ChatTui_Copy_command_never_stops_selected_text_and_edit_is_isolated(source: "file", failed: True) [373 ms]
  Passed ForgeMission.Tests.Cli.TextInteractionTests.Actual_ChatTui_Copy_command_never_stops_selected_text_and_edit_is_isolated(source: "file", failed: False) [147 ms]
  Passed ForgeMission.Tests.Cli.TextInteractionTests.Actual_ChatTui_Copy_command_never_stops_selected_text_and_edit_is_isolated(source: "composer", failed: False) [153 ms]
  Passed ForgeMission.Tests.Cli.TextInteractionTests.Actual_ChatTui_Copy_command_never_stops_selected_text_and_edit_is_isolated(source: "paragraph", failed: False) [148 ms]
  Passed ForgeMission.Tests.Cli.TextInteractionTests.Actual_ChatTui_Copy_command_never_stops_selected_text_and_edit_is_isolated(source: "composer", failed: True) [153 ms]
  Passed ForgeMission.Tests.Cli.TextInteractionTests.Actual_ChatTui_Copy_command_never_stops_selected_text_and_edit_is_isolated(source: "paragraph", failed: True) [142 ms]
Native header Dark available=0 bounds=(0,0) 0x0 visible=False tab=False: [#cde0ee on #0f1d27]                                                                                                    [/]
Native header Dark available=1 bounds=(0,0) 1x1 visible=True tab=True: [bold #e8eef7 on #0f1622]⧉[/][#cde0ee on #0f1d27]                                                                                                   [/]
Native header Dark available=2 bounds=(0,0) 2x1 visible=True tab=True: [bold underline #e8eef7 on #0f1622]⧉[/][bold underline #e8eef7 on #0f1622] [/][#cde0ee on #0f1d27]                                                                                                  [/]
Native header Dark available=3 bounds=(0,0) 3x1 visible=True tab=True: [bold underline #e8eef7 on #0f1622] [/][bold underline #e8eef7 on #0f1622]⧉[/][bold underline #e8eef7 on #0f1622] [/][#cde0ee on #0f1d27]                                                                                                 [/]
Native header Dark available=4 bounds=(1,0) 3x1 visible=True tab=True: [#cde0ee on #0f1d27] [/][bold underline #e8eef7 on #0f1622] [/][bold underline #e8eef7 on #0f1622]⧉[/][bold underline #e8eef7 on #0f1622] [/][#cde0ee on #0f1d27]                                                                                                [/]
Native header Dark available=12 bounds=(9,0) 3x1 visible=True tab=True: [#cde0ee on #0f1d27]         [/][bold underline #e8eef7 on #0f1622] [/][bold underline #e8eef7 on #0f1622]⧉[/][bold underline #e8eef7 on #0f1622] [/][#cde0ee on #0f1d27]                                                                                        [/]
Native header Dark available=14 bounds=(11,0) 3x1 visible=True tab=True: [#cde0ee on #0f1d27]           [/][bold underline #e8eef7 on #0f1622] [/][bold underline #e8eef7 on #0f1622]⧉[/][bold underline #e8eef7 on #0f1622] [/][#cde0ee on #0f1d27]                                                                                      [/]
Native header Dark available=15 bounds=(0,0) 15x1 visible=True tab=True: [bold underline #e8eef7 on #0f1622]  [/][bold underline #e8eef7 on #0f1622]⧉ Copy code[/][bold underline #e8eef7 on #0f1622]  [/][#cde0ee on #0f1d27]                                                                                     [/]
Native header Dark available=16 bounds=(1,0) 15x1 visible=True tab=True: [#cde0ee on #0f1d27] [/][bold underline #e8eef7 on #0f1622]  [/][bold underline #e8eef7 on #0f1622]⧉ Copy code[/][bold underline #e8eef7 on #0f1622]  [/][#cde0ee on #0f1d27]                                                                                    [/]
Native header Dark available=60 bounds=(45,0) 15x1 visible=True tab=True: [#cde0ee on #0f1d27]                                             [/][bold underline #e8eef7 on #0f1622]  [/][bold underline #e8eef7 on #0f1622]⧉ Copy code[/][bold underline #e8eef7 on #0f1622]  [/][#cde0ee on #0f1d27]                                        [/]
Native header Dark available=100 bounds=(85,0) 15x1 visible=True tab=True: [#cde0ee on #0f1d27]                                                                                     [/][bold underline #e8eef7 on #0f1622]  [/][bold underline #e8eef7 on #0f1622]⧉ Copy code[/][bold underline #e8eef7 on #0f1622]  [/]
Native header Dark available=2 bounds=(0,0) 2x1 visible=True tab=True: [bold underline #e8eef7 on #0f1622]⧉[/][bold underline #e8eef7 on #0f1622] [/][#cde0ee on #0f1d27]                                                                                                  [/]
Native header Dark available=0 bounds=(0,0) 0x0 visible=False tab=False: [#cde0ee on #0f1d27]                                                                                                    [/]
Native header Dark available=15 bounds=(0,0) 15x1 visible=True tab=True: [bold underline #e8eef7 on #0f1622]  [/][bold underline #e8eef7 on #0f1622]⧉ Copy code[/][bold underline #e8eef7 on #0f1622]  [/][#cde0ee on #0f1d27]                                                                                     [/]
Native header Light available=0 bounds=(0,0) 0x0 visible=False tab=False: [#cde0ee on #0f1d27]                                                                                                    [/]
Native header Light available=1 bounds=(0,0) 1x1 visible=True tab=True: [bold #101d34 on #f7f8fe]⧉[/][#cde0ee on #0f1d27]                                                                                                   [/]
Native header Light available=2 bounds=(0,0) 2x1 visible=True tab=True: [bold underline #101d34 on #f7f8fe]⧉[/][bold underline #101d34 on #f7f8fe] [/][#cde0ee on #0f1d27]                                                                                                  [/]
Native header Light available=3 bounds=(0,0) 3x1 visible=True tab=True: [bold underline #101d34 on #f7f8fe] [/][bold underline #101d34 on #f7f8fe]⧉[/][bold underline #101d34 on #f7f8fe] [/][#cde0ee on #0f1d27]                                                                                                 [/]
Native header Light available=4 bounds=(1,0) 3x1 visible=True tab=True: [#cde0ee on #0f1d27] [/][bold underline #101d34 on #f7f8fe] [/][bold underline #101d34 on #f7f8fe]⧉[/][bold underline #101d34 on #f7f8fe] [/][#cde0ee on #0f1d27]                                                                                                [/]
Native header Light available=12 bounds=(9,0) 3x1 visible=True tab=True: [#cde0ee on #0f1d27]         [/][bold underline #101d34 on #f7f8fe] [/][bold underline #101d34 on #f7f8fe]⧉[/][bold underline #101d34 on #f7f8fe] [/][#cde0ee on #0f1d27]                                                                                        [/]
Native header Light available=14 bounds=(11,0) 3x1 visible=True tab=True: [#cde0ee on #0f1d27]           [/][bold underline #101d34 on #f7f8fe] [/][bold underline #101d34 on #f7f8fe]⧉[/][bold underline #101d34 on #f7f8fe] [/][#cde0ee on #0f1d27]                                                                                      [/]
Native header Light available=15 bounds=(0,0) 15x1 visible=True tab=True: [bold underline #101d34 on #f7f8fe]  [/][bold underline #101d34 on #f7f8fe]⧉ Copy code[/][bold underline #101d34 on #f7f8fe]  [/][#cde0ee on #0f1d27]                                                                                     [/]
Native header Light available=16 bounds=(1,0) 15x1 visible=True tab=True: [#cde0ee on #0f1d27] [/][bold underline #101d34 on #f7f8fe]  [/][bold underline #101d34 on #f7f8fe]⧉ Copy code[/][bold underline #101d34 on #f7f8fe]  [/][#cde0ee on #0f1d27]                                                                                    [/]
Native header Light available=60 bounds=(45,0) 15x1 visible=True tab=True: [#cde0ee on #0f1d27]                                             [/][bold underline #101d34 on #f7f8fe]  [/][bold underline #101d34 on #f7f8fe]⧉ Copy code[/][bold underline #101d34 on #f7f8fe]  [/][#cde0ee on #0f1d27]                                        [/]
Native header Light available=100 bounds=(85,0) 15x1 visible=True tab=True: [#cde0ee on #0f1d27]                                                                                     [/][bold underline #101d34 on #f7f8fe]  [/][bold underline #101d34 on #f7f8fe]⧉ Copy code[/][bold underline #101d34 on #f7f8fe]  [/]
Native header Light available=2 bounds=(0,0) 2x1 visible=True tab=True: [bold underline #101d34 on #f7f8fe]⧉[/][bold underline #101d34 on #f7f8fe] [/][#cde0ee on #0f1d27]                                                                                                  [/]
Native header Light available=0 bounds=(0,0) 0x0 visible=False tab=False: [#cde0ee on #0f1d27]                                                                                                    [/]
Native header Light available=15 bounds=(0,0) 15x1 visible=True tab=True: [bold underline #101d34 on #f7f8fe]  [/][bold underline #101d34 on #f7f8fe]⧉ Copy code[/][bold underline #101d34 on #f7f8fe]  [/][#cde0ee on #0f1d27]                                                                                     [/]
  Passed ForgeMission.Tests.Cli.TextInteractionTests.Actual_editor_keyboard_Paste_Undo_and_Cut_keep_native_editing(file: False, failedCut: False) [185 ms]
  Passed ForgeMission.Tests.Cli.TextInteractionTests.Actual_editor_keyboard_Paste_Undo_and_Cut_keep_native_editing(file: True, failedCut: False) [113 ms]
  Passed ForgeMission.Tests.Cli.TextInteractionTests.Actual_editor_keyboard_Paste_Undo_and_Cut_keep_native_editing(file: False, failedCut: True) [184 ms]
  Passed ForgeMission.Tests.Cli.TextInteractionTests.Actual_editor_keyboard_Paste_Undo_and_Cut_keep_native_editing(file: True, failedCut: True) [118 ms]
  Passed ForgeMission.Tests.Cli.CodeCopyControlTests.Actual_native_header_widths_and_state_styles_match_semantic_reference(theme: "Light") [14 ms]
  Passed ForgeMission.Tests.Cli.CodeCopyControlTests.Actual_native_header_widths_and_state_styles_match_semantic_reference(theme: "Dark") [< 1 ms]
  Passed ForgeMission.Tests.Cli.CodeCopyControlTests.Same_native_header_resizes_through_zero_icon_and_full_label(theme: "Dark") [196 ms]
  Passed ForgeMission.Tests.Cli.CodeCopyControlTests.Same_native_header_resizes_through_zero_icon_and_full_label(theme: "Light") [196 ms]
  Passed ForgeMission.Tests.Cli.ChatScreenTileTests.A_long_one_line_user_message_wraps_into_the_right_aligned_ring [277 ms]
Native US-midnight ring: clipped side slots3/4 at40x40, complete top/bottom at40x80; extent=38
  Passed ForgeMission.Tests.Cli.ChatScreenTileTests.A_narrow_midnight_user_ring_scrolls_its_top_without_changing_tiles [273 ms]
  Passed ForgeMission.Tests.TerminalInteraction.ClipboardMenuTests.Actual_right_click_menu_keeps_backwards_range_at_native_close_milestone(action: "outside") [91 ms]
  Passed ForgeMission.Tests.TerminalInteraction.ClipboardMenuTests.Actual_right_click_menu_keeps_backwards_range_at_native_close_milestone(action: "escape") [75 ms]
  Passed ForgeMission.Tests.TerminalInteraction.ClipboardMenuTests.Actual_right_click_menu_keeps_backwards_range_at_native_close_milestone(action: "copy") [60 ms]
  Passed ForgeMission.Tests.TerminalInteraction.ClipboardMenuTests.Actual_right_click_menu_keeps_backwards_range_at_native_close_milestone(action: "mouse-copy") [45 ms]
  Passed ForgeMission.Tests.TerminalInteraction.ClipboardMenuTests.Actual_right_click_menu_keeps_backwards_range_at_native_close_milestone(action: "tab") [60 ms]
  Passed ForgeMission.Tests.TerminalInteraction.ClipboardMenuTests.Editor_menu_rejects_stale_availability_and_execution(mutation: "ancestor-disabled") [61 ms]
  Passed ForgeMission.Tests.TerminalInteraction.ClipboardMenuTests.Editor_menu_rejects_stale_availability_and_execution(mutation: "screen-swap") [60 ms]
  Passed ForgeMission.Tests.TerminalInteraction.ClipboardMenuTests.Editor_menu_rejects_stale_availability_and_execution(mutation: "hidden") [60 ms]
[xUnit.net 00:00:03.97]   Finished:    ForgeMission.Mcl.Tests
  Passed ForgeMission.Tests.TerminalInteraction.ClipboardMenuTests.Editor_menu_rejects_stale_availability_and_execution(mutation: "ancestor-hidden") [60 ms]
  Passed ForgeMission.Tests.TerminalInteraction.ClipboardMenuTests.Editor_menu_rejects_stale_availability_and_execution(mutation: "version") [60 ms]
  Passed ForgeMission.Tests.TerminalInteraction.ClipboardMenuTests.Editor_menu_rejects_stale_availability_and_execution(mutation: "document") [60 ms]
  Passed ForgeMission.Tests.TerminalInteraction.ClipboardMenuTests.Editor_menu_rejects_stale_availability_and_execution(mutation: "detached") [60 ms]
  Passed ForgeMission.Tests.TerminalInteraction.ClipboardMenuTests.Editor_menu_rejects_stale_availability_and_execution(mutation: "disabled") [60 ms]
  Passed ForgeMission.Tests.TerminalInteraction.ClipboardMenuTests.Native_menu_Paste_retains_range_or_native_undo(failed: False, payload: "replacement", expected: PasteReadSucceeded) [91 ms]
  Passed ForgeMission.Tests.TerminalInteraction.ClipboardMenuTests.Native_menu_Paste_retains_range_or_native_undo(failed: False, payload: "", expected: PasteReadSucceeded) [90 ms]
  Passed ForgeMission.Tests.TerminalInteraction.ClipboardMenuTests.Native_menu_Paste_retains_range_or_native_undo(failed: True, payload: "ignored", expected: PasteReadFailed) [90 ms]

Test Run Successful.
Total tests: 32
     Passed: 32
 Total time: 4.2604 Seconds
