dotnet test tests/ForgeMission.Mcl.Tests/ForgeMission.Mcl.Tests.csproj -c Release --filter "FullyQualifiedName~ForgeMission.Tests.Terminal"
  Determining projects to restore...
  All projects are up-to-date for restore.
  ForgeMission.MissionRegistry -> /Users/ameerdeen/progs/forge-mcl/src/ForgeMission.MissionRegistry/bin/Release/net10.0/ForgeMission.MissionRegistry.dll
  ForgeMission.Terminal.Extensions -> /Users/ameerdeen/progs/forge-mcl/src/ForgeMission.Terminal.Extensions/bin/Release/net10.0/ForgeMission.Terminal.Extensions.dll
  ForgeMission.Serve -> /Users/ameerdeen/progs/forge-mcl/src/ForgeMission.Serve/bin/Release/net10.0/ForgeMission.Serve.dll
  ForgeMission.Scout -> /Users/ameerdeen/progs/forge-mcl/src/ForgeMission.Scout/bin/Release/net10.0/ForgeMission.Scout.dll
  ForgeMission.Docker -> /Users/ameerdeen/progs/forge-mcl/src/ForgeMission.Docker/bin/Release/net10.0/ForgeMission.Docker.dll
  ForgeMission.Parser -> /Users/ameerdeen/progs/forge-mcl/src/ForgeMission.Parser/bin/Release/net10.0/ForgeMission.Parser.dll
  ForgeMission.Core -> /Users/ameerdeen/progs/forge-mcl/src/ForgeMission.Core/bin/Release/net10.0/ForgeMission.Core.dll
  ForgeMission.ChatClients -> /Users/ameerdeen/progs/forge-mcl/src/ForgeMission.ChatClients/bin/Release/net10.0/ForgeMission.ChatClients.dll
  ForgeMission.Cli -> /Users/ameerdeen/progs/forge-mcl/src/ForgeMission.Cli/bin/Release/net10.0/forge.dll
  ForgeMission.Mcl.Tests -> /Users/ameerdeen/progs/forge-mcl/tests/ForgeMission.Mcl.Tests/bin/Release/net10.0/ForgeMission.Mcl.Tests.dll
Test run for /Users/ameerdeen/progs/forge-mcl/tests/ForgeMission.Mcl.Tests/bin/Release/net10.0/ForgeMission.Mcl.Tests.dll (.NETCoreApp,Version=v10.0)
A total of 1 test files matched the specified pattern.

Passed!  - Failed:     0, Passed:    26, Skipped:     0, Total:    26, Duration: 1 s - ForgeMission.Mcl.Tests.dll (net10.0)
dotnet pack src/ForgeMission.Terminal.Extensions/ForgeMission.Terminal.Extensions.csproj -c Release --output artifacts/packages -p:ContinuousIntegrationBuild=true -p:RepositoryCommit=9c06e5729bbd06837758344c203a76067626451c
  Determining projects to restore...
  All projects are up-to-date for restore.
  ForgeMission.Terminal.Extensions -> /Users/ameerdeen/progs/forge-mcl/src/ForgeMission.Terminal.Extensions/bin/Release/net10.0/ForgeMission.Terminal.Extensions.dll
  Successfully created package '/Users/ameerdeen/progs/forge-mcl/artifacts/packages/Katasec.Forge.Terminal.Extensions.0.1.0.nupkg'.
  Successfully created package '/Users/ameerdeen/progs/forge-mcl/artifacts/packages/Katasec.Forge.Terminal.Extensions.0.1.0.snupkg'.
bash ./eng/verify-terminal-extensions-package.sh artifacts/packages 9c06e5729bbd06837758344c203a76067626451c
PASS: Katasec.Forge.Terminal.Extensions 0.1.0 has the expected package metadata, contents, and exact native dependencies.
