/tmp/phase70-public-sources/XenoAtom.Terminal.UI/src/XenoAtom.Terminal.UI/Controls/DocumentFlowBlock.cs:10:public abstract class DocumentFlowBlock
/tmp/phase70-public-sources/XenoAtom.Terminal.UI/src/XenoAtom.Terminal.UI/Controls/DocumentFlowBlock.cs:15:    public virtual int Version => 0;
/tmp/phase70-public-sources/XenoAtom.Terminal.UI/src/XenoAtom.Terminal.UI/Controls/DocumentFlowBlock.cs:20:    public virtual int MarginTop => 0;
/tmp/phase70-public-sources/XenoAtom.Terminal.UI/src/XenoAtom.Terminal.UI/Controls/DocumentFlowBlock.cs:25:    public virtual int MarginBottom => 0;
/tmp/phase70-public-sources/XenoAtom.Terminal.UI/src/XenoAtom.Terminal.UI/Controls/DocumentFlowBlock.cs:30:    public virtual object? ReuseKey => this;
/tmp/phase70-public-sources/XenoAtom.Terminal.UI/src/XenoAtom.Terminal.UI/Controls/DocumentFlowBlock.cs:36:    public abstract Visual CreateVisual();
/tmp/phase70-public-sources/XenoAtom.Terminal.UI/src/XenoAtom.Terminal.UI/Controls/DocumentFlowBlock.cs:43:    public virtual bool TryUpdate(Visual visual)
/tmp/phase70-public-sources/XenoAtom.Terminal.UI/src/XenoAtom.Terminal.UI/Controls/DocumentFlowBlock.cs:53:    public virtual void Release(Visual visual)
/tmp/phase70-public-sources/XenoAtom.Terminal.UI/src/XenoAtom.Terminal.UI.Extensions.Markdown/MarkdownDocumentContent.cs:15:public sealed class MarkdownDocumentContent : IDocumentFlowContent
/tmp/phase70-public-sources/XenoAtom.Terminal.UI/src/XenoAtom.Terminal.UI.Extensions.Markdown/MarkdownDocumentContent.cs:26:    public MarkdownDocumentContent(string markdown, MarkdownPipeline? pipeline = null, Uri? baseUri = null, MarkdownRenderOptions? options = null)
/tmp/phase70-public-sources/XenoAtom.Terminal.UI/src/XenoAtom.Terminal.UI.Extensions.Markdown/MarkdownDocumentContent.cs:46:    public int Version => 0;
/tmp/phase70-public-sources/XenoAtom.Terminal.UI/src/XenoAtom.Terminal.UI.Extensions.Markdown/MarkdownDocumentContent.cs:49:    public int BlockCount => _blocks.Length;
/tmp/phase70-public-sources/XenoAtom.Terminal.UI/src/XenoAtom.Terminal.UI.Extensions.Markdown/MarkdownDocumentContent.cs:52:    public DocumentFlowBlock GetBlock(int index) => _blocks[index];
/tmp/phase70-public-sources/XenoAtom.Terminal.UI/src/XenoAtom.Terminal.UI/Input/ISelectionOwner.cs:14:public interface ISelectionOwner
/tmp/phase70-public-sources/XenoAtom.Terminal.UI/src/XenoAtom.Terminal.UI/Controls/Paragraph.cs:19:public sealed partial class Paragraph : Visual, ISelectionOwner
/tmp/phase70-public-sources/XenoAtom.Terminal.UI/src/XenoAtom.Terminal.UI/Controls/Paragraph.cs:23:    private LayoutLine[] _layoutLines = Array.Empty<LayoutLine>();
/tmp/phase70-public-sources/XenoAtom.Terminal.UI/src/XenoAtom.Terminal.UI/Controls/Paragraph.cs:46:    public Paragraph()
/tmp/phase70-public-sources/XenoAtom.Terminal.UI/src/XenoAtom.Terminal.UI/Controls/Paragraph.cs:60:    public Paragraph(string text) : this()
/tmp/phase70-public-sources/XenoAtom.Terminal.UI/src/XenoAtom.Terminal.UI/Controls/Paragraph.cs:69:    public Paragraph(Func<string> text) : this()
/tmp/phase70-public-sources/XenoAtom.Terminal.UI/src/XenoAtom.Terminal.UI/Controls/Paragraph.cs:78:    public Paragraph(Binding<string?> text) : this()
/tmp/phase70-public-sources/XenoAtom.Terminal.UI/src/XenoAtom.Terminal.UI/Controls/Paragraph.cs:87:    public partial string? Text { get; set; }
/tmp/phase70-public-sources/XenoAtom.Terminal.UI/src/XenoAtom.Terminal.UI/Controls/Paragraph.cs:93:    public partial bool Wrap { get; set; }
/tmp/phase70-public-sources/XenoAtom.Terminal.UI/src/XenoAtom.Terminal.UI/Controls/Paragraph.cs:99:    public partial TextAlignment TextAlignment { get; set; }
/tmp/phase70-public-sources/XenoAtom.Terminal.UI/src/XenoAtom.Terminal.UI/Controls/Paragraph.cs:105:    public partial TextTrimming Trimming { get; set; }
/tmp/phase70-public-sources/XenoAtom.Terminal.UI/src/XenoAtom.Terminal.UI/Controls/Paragraph.cs:111:    public partial StyledRun[] Runs { get; set; }
/tmp/phase70-public-sources/XenoAtom.Terminal.UI/src/XenoAtom.Terminal.UI/Controls/Paragraph.cs:117:    public partial HyperlinkRun[] Hyperlinks { get; set; }
/tmp/phase70-public-sources/XenoAtom.Terminal.UI/src/XenoAtom.Terminal.UI/Controls/Paragraph.cs:123:    public partial int Indent { get; set; }
/tmp/phase70-public-sources/XenoAtom.Terminal.UI/src/XenoAtom.Terminal.UI/Controls/Paragraph.cs:129:    public partial int HangingIndent { get; set; }
/tmp/phase70-public-sources/XenoAtom.Terminal.UI/src/XenoAtom.Terminal.UI/Controls/Paragraph.cs:135:    public partial string? LinePrefix { get; set; }
/tmp/phase70-public-sources/XenoAtom.Terminal.UI/src/XenoAtom.Terminal.UI/Controls/Paragraph.cs:141:    public partial string? ContinuationPrefix { get; set; }
/tmp/phase70-public-sources/XenoAtom.Terminal.UI/src/XenoAtom.Terminal.UI/Controls/Paragraph.cs:147:    public partial Style PrefixStyle { get; set; }
/tmp/phase70-public-sources/XenoAtom.Terminal.UI/src/XenoAtom.Terminal.UI/Controls/Paragraph.cs:153:    public partial bool IsSelectable { get; set; }
/tmp/phase70-public-sources/XenoAtom.Terminal.UI/src/XenoAtom.Terminal.UI/Controls/Paragraph.cs:550:    private void WritePrefix(CellBuffer buffer, in Rectangle rect, in LayoutLine line, int y)
/tmp/phase70-public-sources/XenoAtom.Terminal.UI/src/XenoAtom.Terminal.UI/Controls/Paragraph.cs:567:    private void EnsureWrappedLayout(int width, string text)
/tmp/phase70-public-sources/XenoAtom.Terminal.UI/src/XenoAtom.Terminal.UI/Controls/Paragraph.cs:681:    private void AppendLayoutLine(int start, int length, bool isFirstLine, bool isLastInHardLine, int width)
/tmp/phase70-public-sources/XenoAtom.Terminal.UI/src/XenoAtom.Terminal.UI/Controls/Paragraph.cs:924:    private int GetTextIndexFromPosition(string text, int localX, int localY)
/tmp/phase70-public-sources/XenoAtom.Terminal.UI/src/XenoAtom.Terminal.UI/Controls/Paragraph.cs:1033:    private int GetWrappedLineTextIndex(ReadOnlySpan<char> text, in LayoutLine line, int localX)
/tmp/phase70-public-sources/XenoAtom.Terminal.UI/src/XenoAtom.Terminal.UI/Controls/Paragraph.cs:1097:    private static int GetTextIndexAtCell(ReadOnlySpan<char> text, int targetCell, int absoluteStartColumn)
/tmp/phase70-public-sources/XenoAtom.Terminal.UI/src/XenoAtom.Terminal.UI/Controls/Paragraph.cs:1230:    private bool TryGetOrderedSelection(int textLength, out int start, out int end)
/tmp/phase70-public-sources/XenoAtom.Terminal.UI/src/XenoAtom.Terminal.UI/Controls/Paragraph.cs:1267:    public bool HasSelection => _selectionAnchor >= 0 && _selectionActive >= 0 && _selectionAnchor != _selectionActive;
/tmp/phase70-public-sources/XenoAtom.Terminal.UI/src/XenoAtom.Terminal.UI/Controls/Paragraph.cs:1273:    public bool TryCopySelection(out string text) => TryGetSelectedText(out text);
/tmp/phase70-public-sources/XenoAtom.Terminal.UI/src/XenoAtom.Terminal.UI/Controls/Paragraph.cs:1275:    private void SetSelection(int anchor, int active)
/tmp/phase70-public-sources/XenoAtom.Terminal.UI/src/XenoAtom.Terminal.UI/Controls/Paragraph.cs:1327:    private void EnsureLayoutLineCapacity(int size)
/tmp/phase70-public-sources/XenoAtom.Terminal.UI/src/XenoAtom.Terminal.UI/Controls/Paragraph.cs:1569:    private readonly record struct LayoutLine(
/tmp/phase70-public-sources/XenoAtom.Terminal.UI/src/XenoAtom.Terminal.UI/Controls/Paragraph.cs:1587:        public static readonly StyledRunStartComparer Instance = new();
/tmp/phase70-public-sources/XenoAtom.Terminal.UI/src/XenoAtom.Terminal.UI/Controls/Paragraph.cs:1589:        public int Compare(StyledRun x, StyledRun y) => x.Start.CompareTo(y.Start);
/tmp/phase70-public-sources/XenoAtom.Terminal.UI/src/XenoAtom.Terminal.UI/Controls/Paragraph.cs:1594:        public static readonly HyperlinkRunStartComparer Instance = new();
/tmp/phase70-public-sources/XenoAtom.Terminal.UI/src/XenoAtom.Terminal.UI/Controls/Paragraph.cs:1596:        public int Compare(HyperlinkRun x, HyperlinkRun y) => x.Start.CompareTo(y.Start);
