  Determining projects to restore...
  All projects are up-to-date for restore.
  ForgeMission.Terminal.Extensions -> /Users/ameerdeen/progs/forge-mcl/src/ForgeMission.Terminal.Extensions/bin/Debug/net10.0/ForgeMission.Terminal.Extensions.dll
  ForgeMission.Scout -> /Users/ameerdeen/progs/forge-mcl/src/ForgeMission.Scout/bin/Debug/net10.0/ForgeMission.Scout.dll
  ForgeMission.Serve -> /Users/ameerdeen/progs/forge-mcl/src/ForgeMission.Serve/bin/Debug/net10.0/ForgeMission.Serve.dll
  ForgeMission.MissionRegistry -> /Users/ameerdeen/progs/forge-mcl/src/ForgeMission.MissionRegistry/bin/Debug/net10.0/ForgeMission.MissionRegistry.dll
  ForgeMission.Parser -> /Users/ameerdeen/progs/forge-mcl/src/ForgeMission.Parser/bin/Debug/net10.0/ForgeMission.Parser.dll
  ForgeMission.Docker -> /Users/ameerdeen/progs/forge-mcl/src/ForgeMission.Docker/bin/Debug/net10.0/ForgeMission.Docker.dll
  ForgeMission.Core -> /Users/ameerdeen/progs/forge-mcl/src/ForgeMission.Core/bin/Debug/net10.0/ForgeMission.Core.dll
  ForgeMission.ChatClients -> /Users/ameerdeen/progs/forge-mcl/src/ForgeMission.ChatClients/bin/Debug/net10.0/ForgeMission.ChatClients.dll
  ForgeMission.Cli -> /Users/ameerdeen/progs/forge-mcl/src/ForgeMission.Cli/bin/Debug/net10.0/forge.dll
  ForgeMission.Mcl.Tests -> /Users/ameerdeen/progs/forge-mcl/tests/ForgeMission.Mcl.Tests/bin/Debug/net10.0/ForgeMission.Mcl.Tests.dll
Test run for /Users/ameerdeen/progs/forge-mcl/tests/ForgeMission.Mcl.Tests/bin/Debug/net10.0/ForgeMission.Mcl.Tests.dll (.NETCoreApp,Version=v10.0)
A total of 1 test files matched the specified pattern.
[xUnit.net 00:00:03.58]     ForgeMission.Tests.Cli.TextInteractionTests.Every_decorated_native_command_keeps_nondefault_metadata_and_executes_once(codeEditor: False) [FAIL]
[xUnit.net 00:00:03.67]     ForgeMission.Tests.Cli.TextInteractionTests.Every_decorated_native_command_keeps_nondefault_metadata_and_executes_once(codeEditor: True) [FAIL]
[xUnit.net 00:00:03.89]     ForgeMission.Tests.Cli.TextInteractionTests.Actual_editor_keyboard_Paste_Undo_and_Cut_keep_native_editing(file: False) [FAIL]
[xUnit.net 00:00:04.08]     ForgeMission.Tests.Cli.TextInteractionTests.Actual_editor_keyboard_Paste_Undo_and_Cut_keep_native_editing(file: True) [FAIL]
  Failed ForgeMission.Tests.Cli.TextInteractionTests.Every_decorated_native_command_keeps_nondefault_metadata_and_executes_once(codeEditor: False) [91 ms]
  Error Message:
   Assert.Equal() Failure: Strings differ
           ↓ (pos 0)
Expected: "alpha beta"
Actual:   "\n"
           ↑ (pos 0)
  Stack Trace:
     at ForgeMission.Tests.Cli.TextInteractionTests.<>c__DisplayClass2_0.<Every_decorated_native_command_keeps_nondefault_metadata_and_executes_once>b__0(TerminalRunningContext context, Int32 phase, ClipboardBackend backend) in /Users/ameerdeen/progs/forge-mcl/tests/ForgeMission.Mcl.Tests/Cli/TextInteractionTests.cs:line 124
   at ForgeMission.Tests.TerminalInteraction.TerminalInteractionTestHost.<>c__DisplayClass0_0.<Run>b__1(TerminalRunningContext context) in /Users/ameerdeen/progs/forge-mcl/tests/ForgeMission.Mcl.Tests/Terminal/TerminalInteractionTestHost.cs:line 24
   at XenoAtom.Terminal.UI.TerminalApp.Tick(Nullable`1 timestamp)
   at XenoAtom.Terminal.UI.TerminalApp.RunCore(CancellationToken cancellationToken, ManualResetEventSlim started)
   at XenoAtom.Terminal.UI.TerminalApp.Run(CancellationToken cancellationToken)
   at XenoAtom.Terminal.UI.TerminalExtensions.RunHostedAsync(TerminalInstance terminal, Visual root, TerminalAppOptions appOptions, Func`2 onUpdate, CancellationToken cancellationToken)
   at XenoAtom.Terminal.UI.TerminalExtensions.RunHostedAsync(TerminalInstance terminal, Visual root, TerminalAppOptions appOptions, Func`2 onUpdate, CancellationToken cancellationToken)
   at XenoAtom.Terminal.UI.TerminalExtensions.RunAsync(TerminalInstance instance, Visual visual, Func`2 onUpdate, TerminalRunOptions options, CancellationToken cancellationToken)
   at ForgeMission.Tests.TerminalInteraction.TerminalInteractionTestHost.<>c__DisplayClass0_0.<<Run>b__0>d.MoveNext() in /Users/ameerdeen/progs/forge-mcl/tests/ForgeMission.Mcl.Tests/Terminal/TerminalInteractionTestHost.cs:line 22
--- End of stack trace from previous location ---
   at ForgeMission.Tests.TerminalInteraction.TerminalInteractionTestHost.Run(Visual root, Action`3 phase, Int32 last, ClipboardBackend backend) in /Users/ameerdeen/progs/forge-mcl/tests/ForgeMission.Mcl.Tests/Terminal/TerminalInteractionTestHost.cs:line 22
   at ForgeMission.Tests.Cli.TextInteractionTests.Every_decorated_native_command_keeps_nondefault_metadata_and_executes_once(Boolean codeEditor) in /Users/ameerdeen/progs/forge-mcl/tests/ForgeMission.Mcl.Tests/Cli/TextInteractionTests.cs:line 110
--- End of stack trace from previous location ---
  Failed ForgeMission.Tests.Cli.TextInteractionTests.Every_decorated_native_command_keeps_nondefault_metadata_and_executes_once(codeEditor: True) [89 ms]
  Error Message:
   Assert.True() Failure
Expected: True
Actual:   False
  Stack Trace:
     at ForgeMission.Tests.Cli.TextInteractionTests.<>c__DisplayClass2_0.<Every_decorated_native_command_keeps_nondefault_metadata_and_executes_once>b__0(TerminalRunningContext context, Int32 phase, ClipboardBackend backend) in /Users/ameerdeen/progs/forge-mcl/tests/ForgeMission.Mcl.Tests/Cli/TextInteractionTests.cs:line 123
   at ForgeMission.Tests.TerminalInteraction.TerminalInteractionTestHost.<>c__DisplayClass0_0.<Run>b__1(TerminalRunningContext context) in /Users/ameerdeen/progs/forge-mcl/tests/ForgeMission.Mcl.Tests/Terminal/TerminalInteractionTestHost.cs:line 24
   at XenoAtom.Terminal.UI.TerminalApp.Tick(Nullable`1 timestamp)
   at XenoAtom.Terminal.UI.TerminalApp.RunCore(CancellationToken cancellationToken, ManualResetEventSlim started)
   at XenoAtom.Terminal.UI.TerminalApp.Run(CancellationToken cancellationToken)
   at XenoAtom.Terminal.UI.TerminalExtensions.RunHostedAsync(TerminalInstance terminal, Visual root, TerminalAppOptions appOptions, Func`2 onUpdate, CancellationToken cancellationToken)
   at XenoAtom.Terminal.UI.TerminalExtensions.RunHostedAsync(TerminalInstance terminal, Visual root, TerminalAppOptions appOptions, Func`2 onUpdate, CancellationToken cancellationToken)
   at XenoAtom.Terminal.UI.TerminalExtensions.RunAsync(TerminalInstance instance, Visual visual, Func`2 onUpdate, TerminalRunOptions options, CancellationToken cancellationToken)
   at ForgeMission.Tests.TerminalInteraction.TerminalInteractionTestHost.<>c__DisplayClass0_0.<<Run>b__0>d.MoveNext() in /Users/ameerdeen/progs/forge-mcl/tests/ForgeMission.Mcl.Tests/Terminal/TerminalInteractionTestHost.cs:line 22
--- End of stack trace from previous location ---
   at ForgeMission.Tests.TerminalInteraction.TerminalInteractionTestHost.Run(Visual root, Action`3 phase, Int32 last, ClipboardBackend backend) in /Users/ameerdeen/progs/forge-mcl/tests/ForgeMission.Mcl.Tests/Terminal/TerminalInteractionTestHost.cs:line 22
   at ForgeMission.Tests.Cli.TextInteractionTests.Every_decorated_native_command_keeps_nondefault_metadata_and_executes_once(Boolean codeEditor) in /Users/ameerdeen/progs/forge-mcl/tests/ForgeMission.Mcl.Tests/Cli/TextInteractionTests.cs:line 110
--- End of stack trace from previous location ---
  Failed ForgeMission.Tests.Cli.TextInteractionTests.Actual_editor_keyboard_Paste_Undo_and_Cut_keep_native_editing(file: False) [216 ms]
  Error Message:
   Assert.Equal() Failure: Strings differ
Expected: "replacement"
Actual:   null
  Stack Trace:
     at ForgeMission.Tests.Cli.TextInteractionTests.<>c__DisplayClass9_0.<Actual_editor_keyboard_Paste_Undo_and_Cut_keep_native_editing>b__0(TerminalRunningContext context, Int32 phase, ClipboardBackend backend) in /Users/ameerdeen/progs/forge-mcl/tests/ForgeMission.Mcl.Tests/Cli/TextInteractionTests.cs:line 405
   at ForgeMission.Tests.TerminalInteraction.TerminalInteractionTestHost.<>c__DisplayClass0_0.<Run>b__1(TerminalRunningContext context) in /Users/ameerdeen/progs/forge-mcl/tests/ForgeMission.Mcl.Tests/Terminal/TerminalInteractionTestHost.cs:line 24
   at XenoAtom.Terminal.UI.TerminalApp.Tick(Nullable`1 timestamp)
   at XenoAtom.Terminal.UI.TerminalApp.RunCore(CancellationToken cancellationToken, ManualResetEventSlim started)
   at XenoAtom.Terminal.UI.TerminalApp.Run(CancellationToken cancellationToken)
   at XenoAtom.Terminal.UI.TerminalExtensions.RunHostedAsync(TerminalInstance terminal, Visual root, TerminalAppOptions appOptions, Func`2 onUpdate, CancellationToken cancellationToken)
   at XenoAtom.Terminal.UI.TerminalExtensions.RunHostedAsync(TerminalInstance terminal, Visual root, TerminalAppOptions appOptions, Func`2 onUpdate, CancellationToken cancellationToken)
   at XenoAtom.Terminal.UI.TerminalExtensions.RunAsync(TerminalInstance instance, Visual visual, Func`2 onUpdate, TerminalRunOptions options, CancellationToken cancellationToken)
   at ForgeMission.Tests.TerminalInteraction.TerminalInteractionTestHost.<>c__DisplayClass0_0.<<Run>b__0>d.MoveNext() in /Users/ameerdeen/progs/forge-mcl/tests/ForgeMission.Mcl.Tests/Terminal/TerminalInteractionTestHost.cs:line 22
--- End of stack trace from previous location ---
   at ForgeMission.Tests.TerminalInteraction.TerminalInteractionTestHost.Run(Visual root, Action`3 phase, Int32 last, ClipboardBackend backend) in /Users/ameerdeen/progs/forge-mcl/tests/ForgeMission.Mcl.Tests/Terminal/TerminalInteractionTestHost.cs:line 22
   at ForgeMission.Tests.Cli.TextInteractionTests.Actual_editor_keyboard_Paste_Undo_and_Cut_keep_native_editing(Boolean file) in /Users/ameerdeen/progs/forge-mcl/tests/ForgeMission.Mcl.Tests/Cli/TextInteractionTests.cs:line 394
--- End of stack trace from previous location ---
  Failed ForgeMission.Tests.Cli.TextInteractionTests.Actual_editor_keyboard_Paste_Undo_and_Cut_keep_native_editing(file: True) [185 ms]
  Error Message:
   Assert.Equal() Failure: Strings differ
Expected: "replacement"
Actual:   null
  Stack Trace:
     at ForgeMission.Tests.Cli.TextInteractionTests.<>c__DisplayClass9_0.<Actual_editor_keyboard_Paste_Undo_and_Cut_keep_native_editing>b__0(TerminalRunningContext context, Int32 phase, ClipboardBackend backend) in /Users/ameerdeen/progs/forge-mcl/tests/ForgeMission.Mcl.Tests/Cli/TextInteractionTests.cs:line 405
   at ForgeMission.Tests.TerminalInteraction.TerminalInteractionTestHost.<>c__DisplayClass0_0.<Run>b__1(TerminalRunningContext context) in /Users/ameerdeen/progs/forge-mcl/tests/ForgeMission.Mcl.Tests/Terminal/TerminalInteractionTestHost.cs:line 24
   at XenoAtom.Terminal.UI.TerminalApp.Tick(Nullable`1 timestamp)
   at XenoAtom.Terminal.UI.TerminalApp.RunCore(CancellationToken cancellationToken, ManualResetEventSlim started)
   at XenoAtom.Terminal.UI.TerminalApp.Run(CancellationToken cancellationToken)
   at XenoAtom.Terminal.UI.TerminalExtensions.RunHostedAsync(TerminalInstance terminal, Visual root, TerminalAppOptions appOptions, Func`2 onUpdate, CancellationToken cancellationToken)
   at XenoAtom.Terminal.UI.TerminalExtensions.RunHostedAsync(TerminalInstance terminal, Visual root, TerminalAppOptions appOptions, Func`2 onUpdate, CancellationToken cancellationToken)
   at XenoAtom.Terminal.UI.TerminalExtensions.RunAsync(TerminalInstance instance, Visual visual, Func`2 onUpdate, TerminalRunOptions options, CancellationToken cancellationToken)
   at ForgeMission.Tests.TerminalInteraction.TerminalInteractionTestHost.<>c__DisplayClass0_0.<<Run>b__0>d.MoveNext() in /Users/ameerdeen/progs/forge-mcl/tests/ForgeMission.Mcl.Tests/Terminal/TerminalInteractionTestHost.cs:line 22
--- End of stack trace from previous location ---
   at ForgeMission.Tests.TerminalInteraction.TerminalInteractionTestHost.Run(Visual root, Action`3 phase, Int32 last, ClipboardBackend backend) in /Users/ameerdeen/progs/forge-mcl/tests/ForgeMission.Mcl.Tests/Terminal/TerminalInteractionTestHost.cs:line 22
   at ForgeMission.Tests.Cli.TextInteractionTests.Actual_editor_keyboard_Paste_Undo_and_Cut_keep_native_editing(Boolean file) in /Users/ameerdeen/progs/forge-mcl/tests/ForgeMission.Mcl.Tests/Cli/TextInteractionTests.cs:line 394
--- End of stack trace from previous location ---
[xUnit.net 00:00:12.67]     ForgeMission.Tests.Cli.CodeCopyControlTests.Outer_DocumentFlow_recycles_snippet_cancels_press_and_copies_after_return [FAIL]
  Failed ForgeMission.Tests.Cli.CodeCopyControlTests.Outer_DocumentFlow_recycles_snippet_cancels_press_and_copies_after_return [366 ms]
  Error Message:
   Assert.Same() Failure: Values are not the same instance
Expected: TerminalApp { ContentRoot = DockLayout { App = TerminalApp { ··· }, AutoFocus = False, Bottom = [···], Bounds = (0,0) 100x32, Commands = [···], ··· }, Dispatcher = Dispatcher { }, FocusedElement = CodeCopyButton { App = TerminalApp { ··· }, AutoFocus = False, Bounds = (75,-2) 15x1, Commands = [···], Content = TextBlock { ··· }, ··· }, GlobalCommands = [···], IsGraphicsPresentationEnabled = False, ··· }
Actual:   null
  Stack Trace:
     at ForgeMission.Tests.Cli.CodeCopyControlTests.<>c__DisplayClass9_0.<Outer_DocumentFlow_recycles_snippet_cancels_press_and_copies_after_return>b__1(TerminalRunningContext context, Int32 phase, ClipboardBackend backend) in /Users/ameerdeen/progs/forge-mcl/tests/ForgeMission.Mcl.Tests/Cli/CodeCopyControlTests.cs:line 400
   at ForgeMission.Tests.TerminalInteraction.TerminalInteractionTestHost.<>c__DisplayClass0_0.<Run>b__1(TerminalRunningContext context) in /Users/ameerdeen/progs/forge-mcl/tests/ForgeMission.Mcl.Tests/Terminal/TerminalInteractionTestHost.cs:line 24
   at XenoAtom.Terminal.UI.TerminalApp.Tick(Nullable`1 timestamp)
   at XenoAtom.Terminal.UI.TerminalApp.RunCore(CancellationToken cancellationToken, ManualResetEventSlim started)
   at XenoAtom.Terminal.UI.TerminalApp.Run(CancellationToken cancellationToken)
   at XenoAtom.Terminal.UI.TerminalExtensions.RunHostedAsync(TerminalInstance terminal, Visual root, TerminalAppOptions appOptions, Func`2 onUpdate, CancellationToken cancellationToken)
   at XenoAtom.Terminal.UI.TerminalExtensions.RunHostedAsync(TerminalInstance terminal, Visual root, TerminalAppOptions appOptions, Func`2 onUpdate, CancellationToken cancellationToken)
   at XenoAtom.Terminal.UI.TerminalExtensions.RunAsync(TerminalInstance instance, Visual visual, Func`2 onUpdate, TerminalRunOptions options, CancellationToken cancellationToken)
   at ForgeMission.Tests.TerminalInteraction.TerminalInteractionTestHost.<>c__DisplayClass0_0.<<Run>b__0>d.MoveNext() in /Users/ameerdeen/progs/forge-mcl/tests/ForgeMission.Mcl.Tests/Terminal/TerminalInteractionTestHost.cs:line 22
--- End of stack trace from previous location ---
   at ForgeMission.Tests.TerminalInteraction.TerminalInteractionTestHost.Run(Visual root, Action`3 phase, Int32 last, ClipboardBackend backend) in /Users/ameerdeen/progs/forge-mcl/tests/ForgeMission.Mcl.Tests/Terminal/TerminalInteractionTestHost.cs:line 22
   at ForgeMission.Tests.Cli.CodeCopyControlTests.Outer_DocumentFlow_recycles_snippet_cancels_press_and_copies_after_return() in /Users/ameerdeen/progs/forge-mcl/tests/ForgeMission.Mcl.Tests/Cli/CodeCopyControlTests.cs:line 379
--- End of stack trace from previous location ---

Failed!  - Failed:     5, Passed:    52, Skipped:     0, Total:    57, Duration: 17 s - ForgeMission.Mcl.Tests.dll (net10.0)
