  Determining projects to restore...
  All projects are up-to-date for restore.
  ForgeMission.Scout -> /Users/ameerdeen/progs/forge-mcl/src/ForgeMission.Scout/bin/Debug/net10.0/ForgeMission.Scout.dll
  ForgeMission.Terminal.Extensions -> /Users/ameerdeen/progs/forge-mcl/src/ForgeMission.Terminal.Extensions/bin/Debug/net10.0/ForgeMission.Terminal.Extensions.dll
  ForgeMission.Parser -> /Users/ameerdeen/progs/forge-mcl/src/ForgeMission.Parser/bin/Debug/net10.0/ForgeMission.Parser.dll
  ForgeMission.MissionRegistry -> /Users/ameerdeen/progs/forge-mcl/src/ForgeMission.MissionRegistry/bin/Debug/net10.0/ForgeMission.MissionRegistry.dll
  ForgeMission.Docker -> /Users/ameerdeen/progs/forge-mcl/src/ForgeMission.Docker/bin/Debug/net10.0/ForgeMission.Docker.dll
  ForgeMission.Serve -> /Users/ameerdeen/progs/forge-mcl/src/ForgeMission.Serve/bin/Debug/net10.0/ForgeMission.Serve.dll
  ForgeMission.Core -> /Users/ameerdeen/progs/forge-mcl/src/ForgeMission.Core/bin/Debug/net10.0/ForgeMission.Core.dll
  ForgeMission.ChatClients -> /Users/ameerdeen/progs/forge-mcl/src/ForgeMission.ChatClients/bin/Debug/net10.0/ForgeMission.ChatClients.dll
  ForgeMission.Cli -> /Users/ameerdeen/progs/forge-mcl/src/ForgeMission.Cli/bin/Debug/net10.0/forge.dll
  ForgeMission.Mcl.Tests -> /Users/ameerdeen/progs/forge-mcl/tests/ForgeMission.Mcl.Tests/bin/Debug/net10.0/ForgeMission.Mcl.Tests.dll
Test run for /Users/ameerdeen/progs/forge-mcl/tests/ForgeMission.Mcl.Tests/bin/Debug/net10.0/ForgeMission.Mcl.Tests.dll (.NETCoreApp,Version=v10.0)
A total of 1 test files matched the specified pattern.
[xUnit.net 00:00:02.29]     ForgeMission.Tests.Cli.CodeCopyControlTests.Outer_DocumentFlow_recycles_snippet_cancels_press_and_copies_after_return [FAIL]
  Failed ForgeMission.Tests.Cli.CodeCopyControlTests.Outer_DocumentFlow_recycles_snippet_cancels_press_and_copies_after_return [491 ms]
  Error Message:
   Assert.Same() Failure: Values are not the same instance
Expected: TerminalApp { ContentRoot = DockLayout { App = TerminalApp { ··· }, AutoFocus = False, Bottom = [···], Bounds = (0,0) 100x32, Commands = [···], ··· }, Dispatcher = Dispatcher { }, FocusedElement = CodeCopyButton { App = TerminalApp { ··· }, AutoFocus = False, Bounds = (75,-2) 15x1, Commands = [···], Content = TextBlock { ··· }, ··· }, GlobalCommands = [···], IsGraphicsPresentationEnabled = False, ··· }
Actual:   null
  Stack Trace:
     at ForgeMission.Tests.Cli.CodeCopyControlTests.<>c__DisplayClass9_0.<Outer_DocumentFlow_recycles_snippet_cancels_press_and_copies_after_return>b__1(TerminalRunningContext context, Int32 phase, ClipboardBackend backend) in /Users/ameerdeen/progs/forge-mcl/tests/ForgeMission.Mcl.Tests/Cli/CodeCopyControlTests.cs:line 400
   at ForgeMission.Tests.TerminalInteraction.TerminalInteractionTestHost.<>c__DisplayClass0_0.<Run>b__1(TerminalRunningContext context) in /Users/ameerdeen/progs/forge-mcl/tests/ForgeMission.Mcl.Tests/Terminal/TerminalInteractionTestHost.cs:line 24
   at XenoAtom.Terminal.UI.TerminalExtensions.<>c__DisplayClass2_0.<RunHostedAsync>b__0(TerminalRunningContext ctx)
   at XenoAtom.Terminal.UI.TerminalApp.Tick(Nullable`1 timestamp)
   at XenoAtom.Terminal.UI.TerminalApp.RunCore(CancellationToken cancellationToken, ManualResetEventSlim started)
   at XenoAtom.Terminal.UI.TerminalApp.Run(CancellationToken cancellationToken)
   at XenoAtom.Terminal.UI.TerminalExtensions.RunHostedAsync(TerminalInstance terminal, Visual root, TerminalAppOptions appOptions, Func`2 onUpdate, CancellationToken cancellationToken)
   at XenoAtom.Terminal.UI.TerminalExtensions.RunHostedAsync(TerminalInstance terminal, Visual root, TerminalAppOptions appOptions, Func`2 onUpdate, CancellationToken cancellationToken)
   at XenoAtom.Terminal.UI.TerminalExtensions.RunAsync(TerminalInstance instance, Visual visual, Func`2 onUpdate, TerminalRunOptions options, CancellationToken cancellationToken)
   at ForgeMission.Tests.TerminalInteraction.TerminalInteractionTestHost.<>c__DisplayClass0_0.<<Run>b__0>d.MoveNext() in /Users/ameerdeen/progs/forge-mcl/tests/ForgeMission.Mcl.Tests/Terminal/TerminalInteractionTestHost.cs:line 22
--- End of stack trace from previous location ---
   at ForgeMission.Tests.TerminalInteraction.TerminalInteractionTestHost.Run(Visual root, Action`3 phase, Int32 last, ClipboardBackend backend) in /Users/ameerdeen/progs/forge-mcl/tests/ForgeMission.Mcl.Tests/Terminal/TerminalInteractionTestHost.cs:line 22
   at ForgeMission.Tests.Cli.CodeCopyControlTests.Outer_DocumentFlow_recycles_snippet_cancels_press_and_copies_after_return() in /Users/ameerdeen/progs/forge-mcl/tests/ForgeMission.Mcl.Tests/Cli/CodeCopyControlTests.cs:line 379
--- End of stack trace from previous location ---

Failed!  - Failed:     1, Passed:     4, Skipped:     0, Total:     5, Duration: 2 s - ForgeMission.Mcl.Tests.dll (net10.0)
