/tmp/phase70-public-sources/XenoAtom.Terminal.UI/src/XenoAtom.Terminal.UI/Controls/Paragraph.cs
44:     /// Initializes a new instance of the <see cref="Paragraph"/> class.
45:     /// </summary>
46:     public Paragraph()
47:     {
48:         Wrap = true;
49:         TextAlignment = TextAlignment.Left;
50:         Trimming = TextTrimming.Clip;
51:         Runs = Array.Empty<StyledRun>();
52:         Hyperlinks = Array.Empty<HyperlinkRun>();
53:         IsSelectable = true;
54:     }
55: 
56:     /// <summary>
57:     /// Initializes a new instance of the <see cref="Paragraph"/> class with text.
58:     /// </summary>
59:     /// <param name="text">The paragraph text.</param>
60:     public Paragraph(string text) : this()
61:     {
/tmp/phase70-public-sources/XenoAtom.Terminal.UI/src/XenoAtom.Terminal.UI/Controls/Paragraph.cs
223:     protected override SizeHints MeasureCore(in LayoutConstraints constraints)
224:     {
225:         var maxWidth = Math.Max(0, constraints.MaxWidth);
226:         var maxHeight = Math.Max(0, constraints.MaxHeight);
227:         var text = Text ?? string.Empty;
228:         var span = text.AsSpan();
229: 
230:         if (!Wrap)
231:         {
232:             var naturalWidth = GetSingleLineNaturalWidth(span);
233:             var width = Math.Max(0, Math.Min(maxWidth, naturalWidth));
234:             return SizeHints.Fixed(new Size(width, Math.Min(maxHeight, 1)));
235:         }
236: 
237:         var naturalParagraphWidth = GetParagraphNaturalWidth(span);
238:         var wrappedWidth = Math.Max(0, Math.Min(maxWidth, naturalParagraphWidth));
239:         if (wrappedWidth <= 0)
240:         {
241:             return SizeHints.Fixed(new Size(0, Math.Min(maxHeight, 1)));
242:         }
243: 
244:         EnsureWrappedLayout(wrappedWidth, text);
245:         var wrappedHeight = Math.Max(1, _layoutLineCount);
/tmp/phase70-public-sources/XenoAtom.Terminal.UI/src/XenoAtom.Terminal.UI/Controls/Paragraph.cs
273:         EnsureWrappedLayout(rect.Width, text);
274:         var lineCount = Math.Min(rect.Height, _layoutLineCount);
275:         var textSpan = text.AsSpan();
276: 
277:         for (var index = 0; index < lineCount; index++)
278:         {
279:             var line = _layoutLines[index];
280:             var y = rect.Y + index;
281:             WritePrefix(buffer, rect, line, y);
282: 
283:             var textX = rect.X + line.Indent + line.PrefixWidth;
284:             var textWidth = Math.Max(0, rect.Width - line.Indent - line.PrefixWidth);
285:             if (textWidth <= 0 || line.Length <= 0)
286:             {
287:                 continue;
288:             }
289: 
290:             var alignment = TextAlignment == TextAlignment.Justify ? TextAlignment.Left : TextAlignment;
291:             var renderedWidth = Math.Min(textWidth, line.TextWidth);
292:             var alignedX = AlignX(textX, textWidth, renderedWidth, alignment);
293: 
294:             WriteStyledSpan(buffer, alignedX, y, textSpan, line.Start, line.Start + line.Length, hasSelection, selectionStart, selectionEnd, selectionStyle);
295:         }
/tmp/phase70-public-sources/XenoAtom.Terminal.UI/src/XenoAtom.Terminal.UI/Controls/Paragraph.cs
366:     private void WriteStyledSpan(
367:         CellBuffer buffer,
368:         int x,
369:         int y,
370:         ReadOnlySpan<char> text,
371:         int start,
372:         int endExclusive,
373:         bool hasSelection,
374:         int selectionStart,
375:         int selectionEnd,
376:         Style selectionStyle)
377:     {
378:         if (start >= endExclusive)
379:         {
380:             return;
381:         }
382: 
383:         var runs = _normalizedRuns;
384:         var hyperlinks = _normalizedHyperlinks;
385: 
386:         if (runs.Length == 0 && hyperlinks.Length == 0 && !hasSelection)
387:         {
388:             buffer.WriteText(x, y, text.Slice(start, endExclusive - start), Style.None);
389:             return;
390:         }
391: 
392:         var runIndex = FindFirstPotentialRun(runs, start);
393:         var hyperlinkIndex = FindFirstPotentialHyperlink(hyperlinks, start);
394:         var position = start;
395:         var posX = x;
396: 
397:         while (position < endExclusive && posX < buffer.Width)
398:         {
399:             var nextBoundary = endExclusive;
400: 
401:             var runStyle = Style.None;
402:             if (TryGetRunAt(runs, ref runIndex, position, out var currentRun))
403:             {
404:                 runStyle = currentRun.Style;
405:                 nextBoundary = Math.Min(nextBoundary, currentRun.Start + currentRun.Length);
406:             }
407:             else if ((uint)runIndex < (uint)runs.Length)
408:             {
409:                 nextBoundary = Math.Min(nextBoundary, runs[runIndex].Start);
410:             }
411: 
412:             ulong hyperlinkToken = 0;
413:             if (TryGetHyperlinkAt(hyperlinks, ref hyperlinkIndex, position, out var currentHyperlink))
414:             {
415:                 hyperlinkToken = GetHyperlinkToken(buffer, currentHyperlink.Uri);
416:                 nextBoundary = Math.Min(nextBoundary, currentHyperlink.Start + currentHyperlink.Length);
417:             }
418:             else if ((uint)hyperlinkIndex < (uint)hyperlinks.Length)
419:             {
420:                 nextBoundary = Math.Min(nextBoundary, hyperlinks[hyperlinkIndex].Start);
421:             }
422: 
423:             if (hasSelection)
424:             {
425:                 if (position < selectionStart)
426:                 {
427:                     nextBoundary = Math.Min(nextBoundary, selectionStart);
428:                 }
429:                 else if (position < selectionEnd)
430:                 {
431:                     nextBoundary = Math.Min(nextBoundary, selectionEnd);
432:                 }
433:             }
434: 
435:             if (nextBoundary <= position)
436:             {
437:                 nextBoundary = Math.Min(endExclusive, position + 1);
438:             }
439: 
440:             var segment = text.Slice(position, nextBoundary - position);
441:             var effectiveStyle = runStyle;
442:             if (hasSelection && position >= selectionStart && position < selectionEnd)
443:             {
444:                 effectiveStyle |= selectionStyle;
445:             }
446: 
447:             buffer.WriteText(posX, y, segment, effectiveStyle, hyperlinkToken);
448:             posX += GetRenderedCellWidth(segment, posX);
449:             position = nextBoundary;
/tmp/phase70-public-sources/XenoAtom.Terminal.UI/src/XenoAtom.Terminal.UI/Controls/Paragraph.cs
615:             {
616:                 var localStart = 0;
617:                 var producedAny = false;
618: 
619:                 while (localStart < hardLine.Length)
620:                 {
621:                     var availableTextWidth = GetTextAvailableWidth(width, firstPhysicalLine);
622:                     if (availableTextWidth <= 0)
623:                     {
624:                         AppendLayoutLine(hardLineStart + localStart, 0, firstPhysicalLine, isLastInHardLine: true, width);
625:                         firstPhysicalLine = false;
626:                         producedAny = true;
627:                         break;
628:                     }
629: 
630:                     if (!TryGetNextWrapSlice(hardLine, localStart, availableTextWidth, out var localEnd, out var localNext))
631:                     {
632:                         var fallbackLength = GetEndIndexAtCell(hardLine[localStart..], availableTextWidth);
633:                         AppendLayoutLine(hardLineStart + localStart, fallbackLength, firstPhysicalLine, isLastInHardLine: true, width);
634:                         firstPhysicalLine = false;
635:                         producedAny = true;
636:                         break;
637:                     }
638: 
639:                     var sliceLength = Math.Max(0, localEnd - localStart);
640:                     var isLastInHardLine = localNext >= hardLine.Length;
641:                     AppendLayoutLine(hardLineStart + localStart, sliceLength, firstPhysicalLine, isLastInHardLine, width);
642:                     firstPhysicalLine = false;
643:                     producedAny = true;
644: 
645:                     if (localNext <= localStart)
646:                     {
647:                         break;
648:                     }
649: 
650:                     localStart = localNext;
/tmp/phase70-public-sources/XenoAtom.Terminal.UI/src/XenoAtom.Terminal.UI/Controls/Paragraph.cs
681:     private void AppendLayoutLine(int start, int length, bool isFirstLine, bool isLastInHardLine, int width)
682:     {
683:         EnsureLayoutLineCapacity(_layoutLineCount + 1);
684: 
685:         var text = Text ?? string.Empty;
686:         var clampedStart = Math.Clamp(start, 0, text.Length);
687:         var clampedLength = Math.Max(0, Math.Min(length, text.Length - clampedStart));
688: 
689:         var indent = GetIndent(isFirstLine);
690:         var prefixWidth = GetPrefixWidth(isFirstLine);
691:         var availableTextWidth = Math.Max(0, width - indent - prefixWidth);
692:         if (availableTextWidth <= 0)
693:         {
694:             clampedLength = 0;
695:         }
696: 
697:         var textWidth = clampedLength == 0
698:             ? 0
699:             : TerminalTextUtility.GetWidth(text.AsSpan(clampedStart, clampedLength));
700: 
701:         _layoutLines[_layoutLineCount++] = new LayoutLine(
702:             Start: clampedStart,
703:             Length: clampedLength,
704:             TextWidth: textWidth,
705:             Indent: indent,
706:             PrefixWidth: prefixWidth,
707:             IsFirstLine: isFirstLine,
708:             IsLastInHardLine: isLastInHardLine);
/tmp/phase70-public-sources/XenoAtom.Terminal.UI/src/XenoAtom.Terminal.UI/Controls/Paragraph.cs
753:     private static bool TryGetNextWrapSlice(ReadOnlySpan<char> text, int start, int width, out int endExclusive, out int nextStart)
754:     {
755:         endExclusive = start;
756:         nextStart = start;
757: 
758:         if (start >= text.Length)
759:         {
760:             return false;
761:         }
762: 
763:         while (start < text.Length && char.IsWhiteSpace(text[start]))
764:         {
765:             start++;
766:         }
767: 
768:         if (start >= text.Length)
769:         {
770:             return false;
771:         }
772: 
773:         if (!TerminalTextUtility.TryGetIndexAtCell(text[start..], width, out var relativeEnd))
774:         {
775:             relativeEnd = text.Length - start;
776:         }
777: 
778:         var tentativeEnd = Math.Clamp(start + relativeEnd, start, text.Length);
779:         var wrapEnd = tentativeEnd;
780:         if (tentativeEnd < text.Length)
781:         {
782:             var lastSpace = -1;
783:             for (var index = tentativeEnd - 1; index > start; index--)
784:             {
785:                 if (char.IsWhiteSpace(text[index]))
786:                 {
787:                     lastSpace = index;
788:                     break;
789:                 }
790:             }
791: 
792:             if (lastSpace > start)
793:             {
794:                 wrapEnd = lastSpace;
795:             }
796:         }
797: 
798:         endExclusive = wrapEnd;
799:         nextStart = wrapEnd;
800:         while (nextStart < text.Length && char.IsWhiteSpace(text[nextStart]))
801:         {
802:             nextStart++;
803:         }
804: 
805:         return endExclusive > start;
/tmp/phase70-public-sources/XenoAtom.Terminal.UI/src/XenoAtom.Terminal.UI/Controls/Paragraph.cs
924:     private int GetTextIndexFromPosition(string text, int localX, int localY)
925:     {
926:         if (text.Length == 0)
927:         {
928:             return 0;
929:         }
930: 
931:         var rect = Bounds;
932:         if (rect.Width <= 0)
933:         {
934:             return localY <= 0 ? 0 : text.Length;
935:         }
936: 
937:         if (!Wrap)
938:         {
939:             return GetSingleLineTextIndexFromPosition(text.AsSpan(), localX, localY);
940:         }
941: 
942:         EnsureWrappedLayout(rect.Width, text);
943:         if (_layoutLineCount <= 0)
944:         {
945:             return localY <= 0 ? 0 : text.Length;
946:         }
947: 
948:         if (localY < 0)
949:         {
950:             return 0;
951:         }
952: 
953:         if (localY >= _layoutLineCount)
954:         {
955:             return text.Length;
956:         }
957: 
958:         return GetWrappedLineTextIndex(text.AsSpan(), _layoutLines[localY], localX);
/tmp/phase70-public-sources/XenoAtom.Terminal.UI/src/XenoAtom.Terminal.UI/Controls/Paragraph.cs
1270:     void ISelectionOwner.ClearSelection() => ClearSelection();
1271: 
1272:     /// <inheritdoc />
1273:     public bool TryCopySelection(out string text) => TryGetSelectedText(out text);
1274: 
1275:     private void SetSelection(int anchor, int active)
1276:     {
1277:         var textLength = (Text ?? string.Empty).Length;
1278:         var normalizedAnchor = Math.Clamp(anchor, 0, textLength);
1279:         var normalizedActive = Math.Clamp(active, 0, textLength);
1280:         if (_selectionAnchor == normalizedAnchor && _selectionActive == normalizedActive)
1281:         {
1282:             return;
1283:         }
1284: 
1285:         _selectionAnchor = normalizedAnchor;
1286:         _selectionActive = normalizedActive;
1287: 
1288:         IncrementInteractionVersion();
1289:     }
1290: 
1291:     private void ClearSelection()
1292:     {
1293:         _isSelecting = false;
1294:         if (_selectionAnchor < 0 && _selectionActive < 0)
1295:         {
1296:             return;
1297:         }
/tmp/phase70-public-sources/XenoAtom.Terminal.UI/src/XenoAtom.Terminal.UI/Rendering/CellBuffer.cs
353:     public void WriteText(int x, int y, ReadOnlySpan<char> text, Style style, ulong hyperlinkToken)
354:     {
355:         var posX = x;
356:         var index = 0;
357:         while (index < text.Length && posX < Width)
358:         {
359:             var elementLength = StringInfo.GetNextTextElementLength(text[index..]);
360:             if (elementLength <= 0)
361:             {
362:                 elementLength = 1;
363:             }
364: 
365:             var elementSpan = text.Slice(index, Math.Min(elementLength, text.Length - index));
366:             if (elementSpan.Length == 1 && elementSpan[0] == '\t')
367:             {
368:                 // Expand tab using a deterministic tab stop so that cell-buffer rendering remains consistent.
369:                 var tabWidth = global::XenoAtom.Terminal.TerminalTextUtility.DefaultTabWidth;
370:                 var spaces = tabWidth - (posX % tabWidth);
371:                 spaces = Math.Max(1, spaces);
372:                 for (var s = 0; s < spaces && posX < Width; s++)
373:                 {
374:                     SetCell(posX++, y, new Rune(' '), style, hyperlinkToken);
375:                 }
376: 
377:                 index += elementLength;
378:                 continue;
379:             }
380: 
381:             var w = GetTextElementWidth(elementSpan);
382:             if (w > 0)
383:             {
384:                 if (posX + w > Width)
385:                 {
386:                     break;
387:                 }
388: 
389:                 if (TryDecodeSingleRune(elementSpan, out var rune))
390:                 {
391:                     SetCell(posX, y, rune, style, hyperlinkToken);
392:                 }
393:                 else
394:                 {
395:                     var token = RegisterTextElement(elementSpan, w);
396:                     SetTextElementToken(posX, y, token, w, style, hyperlinkToken);
397:                 }
398:                 posX += w;
399:             }
400: 
401:             index += elementLength;
402:         }
403:     }
404: 
405:     private static bool TryDecodeSingleRune(ReadOnlySpan<char> element, out Rune rune)
